{
  "version": "1.5.0",
  "plugins_used": [
    {
      "name": "ArtifactoryDetector"
    },
    {
      "name": "AWSKeyDetector"
    },
    {
      "name": "AzureStorageKeyDetector"
    },
    {
      "name": "Base64HighEntropyString",
      "limit": 4.5
    },
    {
      "name": "BasicAuthDetector"
    },
    {
      "name": "CloudantDetector"
    },
    {
      "name": "DiscordBotTokenDetector"
    },
    {
      "name": "GitHubTokenDetector"
    },
    {
      "name": "GitLabTokenDetector"
    },
    {
      "name": "HexHighEntropyString",
      "limit": 3.0
    },
    {
      "name": "IbmCloudIamDetector"
    },
    {
      "name": "IbmCosHmacDetector"
    },
    {
      "name": "IPPublicDetector"
    },
    {
      "name": "JwtTokenDetector"
    },
    {
      "name": "KeywordDetector",
      "keyword_exclude": ""
    },
    {
      "name": "MailchimpDetector"
    },
    {
      "name": "NpmDetector"
    },
    {
      "name": "OpenAIDetector"
    },
    {
      "name": "PrivateKeyDetector"
    },
    {
      "name": "PypiTokenDetector"
    },
    {
      "name": "SendGridDetector"
    },
    {
      "name": "SlackDetector"
    },
    {
      "name": "SoftlayerDetector"
    },
    {
      "name": "SquareOAuthDetector"
    },
    {
      "name": "StripeDetector"
    },
    {
      "name": "TelegramBotTokenDetector"
    },
    {
      "name": "TwilioKeyDetector"
    }
  ],
  "filters_used": [
    {
      "path": "detect_secrets.filters.allowlist.is_line_allowlisted"
    },
    {
      "path": "detect_secrets.filters.common.is_baseline_file",
      "filename": "/home/Student/FundiPulse/.secrets.baseline"
    },
    {
      "path": "detect_secrets.filters.common.is_ignored_due_to_verification_policies",
      "min_level": 2
    },
    {
      "path": "detect_secrets.filters.heuristic.is_indirect_reference"
    },
    {
      "path": "detect_secrets.filters.heuristic.is_likely_id_string"
    },
    {
      "path": "detect_secrets.filters.heuristic.is_lock_file"
    },
    {
      "path": "detect_secrets.filters.heuristic.is_not_alphanumeric_string"
    },
    {
      "path": "detect_secrets.filters.heuristic.is_potential_uuid"
    },
    {
      "path": "detect_secrets.filters.heuristic.is_prefixed_with_dollar_sign"
    },
    {
      "path": "detect_secrets.filters.heuristic.is_sequential_string"
    },
    {
      "path": "detect_secrets.filters.heuristic.is_swagger_file"
    },
    {
      "path": "detect_secrets.filters.heuristic.is_templated_secret"
    },
    {
      "path": "detect_secrets.filters.regex.should_exclude_file",
      "pattern": [
        "((\\.venv|\\.git|__pycache__|\\.mypy_cache|\\.ruff_cache|\\.pytest_cache|node_modules)/.*|.*\\.pyc$)"
      ]
    }
  ],
  "results": {
    ".env.example": [
      {
        "type": "Basic Auth Credentials",
        "filename": ".env.example",
        "hashed_secret": "afc848c316af1a89d49826c5ae9d00ed769415f3",
        "is_verified": false,
        "line_number": 27
      }
    ],
    ".secrets.baseline": [
      {
        "type": "Hex High Entropy String",
        "filename": ".secrets.baseline",
        "hashed_secret": "e286fb375a5f7b98d91f8180db3d887744194fce",
        "is_verified": false,
        "line_number": 140
      },
      {
        "type": "Secret Keyword",
        "filename": ".secrets.baseline",
        "hashed_secret": "e286fb375a5f7b98d91f8180db3d887744194fce",
        "is_verified": false,
        "line_number": 140
      },
      {
        "type": "Hex High Entropy String",
        "filename": ".secrets.baseline",
        "hashed_secret": "4d1eb3f53fbcc75f4227896cdea74fc6b178adb1",
        "is_verified": false,
        "line_number": 149
      },
      {
        "type": "Secret Keyword",
        "filename": ".secrets.baseline",
        "hashed_secret": "4d1eb3f53fbcc75f4227896cdea74fc6b178adb1",
        "is_verified": false,
        "line_number": 149
      },
      {
        "type": "Hex High Entropy String",
        "filename": ".secrets.baseline",
        "hashed_secret": "e812e1be30f9f5cd62ba5b12e264f763327fbef2",
        "is_verified": false,
        "line_number": 163
      },
      {
        "type": "Secret Keyword",
        "filename": ".secrets.baseline",
        "hashed_secret": "e812e1be30f9f5cd62ba5b12e264f763327fbef2",
        "is_verified": false,
        "line_number": 163
      },
      {
        "type": "Hex High Entropy String",
        "filename": ".secrets.baseline",
        "hashed_secret": "69119d7dfa548a0fe5a3729b6453e452b0366368",
        "is_verified": false,
        "line_number": 177
      },
      {
        "type": "Secret Keyword",
        "filename": ".secrets.baseline",
        "hashed_secret": "69119d7dfa548a0fe5a3729b6453e452b0366368",
        "is_verified": false,
        "line_number": 177
      },
      {
        "type": "Hex High Entropy String",
        "filename": ".secrets.baseline",
        "hashed_secret": "2ddac237156870decb1afcbde6c3648f856d5bcf",
        "is_verified": false,
        "line_number": 191
      },
      {
        "type": "Secret Keyword",
        "filename": ".secrets.baseline",
        "hashed_secret": "2ddac237156870decb1afcbde6c3648f856d5bcf",
        "is_verified": false,
        "line_number": 191
      },
      {
        "type": "Hex High Entropy String",
        "filename": ".secrets.baseline",
        "hashed_secret": "192fae5809b75c18bc098edb23e9d553877849f3",
        "is_verified": false,
        "line_number": 205
      },
      {
        "type": "Secret Keyword",
        "filename": ".secrets.baseline",
        "hashed_secret": "192fae5809b75c18bc098edb23e9d553877849f3",
        "is_verified": false,
        "line_number": 205
      },
      {
        "type": "Hex High Entropy String",
        "filename": ".secrets.baseline",
        "hashed_secret": "712870abf505aba3208eac8cd1cd9c40ad47908f",
        "is_verified": false,
        "line_number": 219
      },
      {
        "type": "Secret Keyword",
        "filename": ".secrets.baseline",
        "hashed_secret": "712870abf505aba3208eac8cd1cd9c40ad47908f",
        "is_verified": false,
        "line_number": 219
      },
      {
        "type": "Hex High Entropy String",
        "filename": ".secrets.baseline",
        "hashed_secret": "5c57cad66af8a5331682a95db4a05c8f09236ab2",
        "is_verified": false,
        "line_number": 233
      },
      {
        "type": "Secret Keyword",
        "filename": ".secrets.baseline",
        "hashed_secret": "5c57cad66af8a5331682a95db4a05c8f09236ab2",
        "is_verified": false,
        "line_number": 233
      },
      {
        "type": "Hex High Entropy String",
        "filename": ".secrets.baseline",
        "hashed_secret": "55fdf86c4eb7e76d13602e06ba6255a0f677ff0c",
        "is_verified": false,
        "line_number": 247
      },
      {
        "type": "Secret Keyword",
        "filename": ".secrets.baseline",
        "hashed_secret": "55fdf86c4eb7e76d13602e06ba6255a0f677ff0c",
        "is_verified": false,
        "line_number": 247
      },
      {
        "type": "Hex High Entropy String",
        "filename": ".secrets.baseline",
        "hashed_secret": "4e1d8a5742e49df90fa85ac1d9b3d87a830c41f4",
        "is_verified": false,
        "line_number": 261
      },
      {
        "type": "Secret Keyword",
        "filename": ".secrets.baseline",
        "hashed_secret": "4e1d8a5742e49df90fa85ac1d9b3d87a830c41f4",
        "is_verified": false,
        "line_number": 261
      },
      {
        "type": "Hex High Entropy String",
        "filename": ".secrets.baseline",
        "hashed_secret": "3a4bbcc36a64ecf3a65a7b74edf111c4e8a29330",
        "is_verified": false,
        "line_number": 275
      },
      {
        "type": "Secret Keyword",
        "filename": ".secrets.baseline",
        "hashed_secret": "3a4bbcc36a64ecf3a65a7b74edf111c4e8a29330",
        "is_verified": false,
        "line_number": 275
      },
      {
        "type": "Hex High Entropy String",
        "filename": ".secrets.baseline",
        "hashed_secret": "864992584f84e5cab4a5f5c717ac83bdc8aeeeae",
        "is_verified": false,
        "line_number": 289
      },
      {
        "type": "Secret Keyword",
        "filename": ".secrets.baseline",
        "hashed_secret": "864992584f84e5cab4a5f5c717ac83bdc8aeeeae",
        "is_verified": false,
        "line_number": 289
      },
      {
        "type": "Hex High Entropy String",
        "filename": ".secrets.baseline",
        "hashed_secret": "5db26552c5ada23b9d6248d093f68b1fd99d1962",
        "is_verified": false,
        "line_number": 303
      },
      {
        "type": "Secret Keyword",
        "filename": ".secrets.baseline",
        "hashed_secret": "5db26552c5ada23b9d6248d093f68b1fd99d1962",
        "is_verified": false,
        "line_number": 303
      },
      {
        "type": "Hex High Entropy String",
        "filename": ".secrets.baseline",
        "hashed_secret": "19e3a6427ce6b9a7c5efcb9e8055b821032fbf0a",
        "is_verified": false,
        "line_number": 317
      },
      {
        "type": "Secret Keyword",
        "filename": ".secrets.baseline",
        "hashed_secret": "19e3a6427ce6b9a7c5efcb9e8055b821032fbf0a",
        "is_verified": false,
        "line_number": 317
      },
      {
        "type": "Hex High Entropy String",
        "filename": ".secrets.baseline",
        "hashed_secret": "c8ef952dc3777b0ba9de5168974923c38e2a5717",
        "is_verified": false,
        "line_number": 331
      },
      {
        "type": "Secret Keyword",
        "filename": ".secrets.baseline",
        "hashed_secret": "c8ef952dc3777b0ba9de5168974923c38e2a5717",
        "is_verified": false,
        "line_number": 331
      },
      {
        "type": "Hex High Entropy String",
        "filename": ".secrets.baseline",
        "hashed_secret": "aa4e011dc0361176682f2b5027021e8def880918",
        "is_verified": false,
        "line_number": 345
      },
      {
        "type": "Secret Keyword",
        "filename": ".secrets.baseline",
        "hashed_secret": "aa4e011dc0361176682f2b5027021e8def880918",
        "is_verified": false,
        "line_number": 345
      },
      {
        "type": "Hex High Entropy String",
        "filename": ".secrets.baseline",
        "hashed_secret": "6d41fc02e58c9804779b673665e6b60e25287929",
        "is_verified": false,
        "line_number": 359
      },
      {
        "type": "Secret Keyword",
        "filename": ".secrets.baseline",
        "hashed_secret": "6d41fc02e58c9804779b673665e6b60e25287929",
        "is_verified": false,
        "line_number": 359
      },
      {
        "type": "Hex High Entropy String",
        "filename": ".secrets.baseline",
        "hashed_secret": "1c6c7269640446caec767da6fd92d5e4657c1751",
        "is_verified": false,
        "line_number": 373
      },
      {
        "type": "Secret Keyword",
        "filename": ".secrets.baseline",
        "hashed_secret": "1c6c7269640446caec767da6fd92d5e4657c1751",
        "is_verified": false,
        "line_number": 373
      },
      {
        "type": "Hex High Entropy String",
        "filename": ".secrets.baseline",
        "hashed_secret": "957c634ce48876c5e1fbcc8cd58290594a19f243",
        "is_verified": false,
        "line_number": 387
      },
      {
        "type": "Secret Keyword",
        "filename": ".secrets.baseline",
        "hashed_secret": "957c634ce48876c5e1fbcc8cd58290594a19f243",
        "is_verified": false,
        "line_number": 387
      },
      {
        "type": "Hex High Entropy String",
        "filename": ".secrets.baseline",
        "hashed_secret": "d9ee3f0f26cf41b9bbe539433d4dc65201bded32",
        "is_verified": false,
        "line_number": 401
      },
      {
        "type": "Secret Keyword",
        "filename": ".secrets.baseline",
        "hashed_secret": "d9ee3f0f26cf41b9bbe539433d4dc65201bded32",
        "is_verified": false,
        "line_number": 401
      },
      {
        "type": "Hex High Entropy String",
        "filename": ".secrets.baseline",
        "hashed_secret": "4d74dcdc5aca4be16c2d7da94065ed80b0b4f4f8",
        "is_verified": false,
        "line_number": 415
      },
      {
        "type": "Secret Keyword",
        "filename": ".secrets.baseline",
        "hashed_secret": "4d74dcdc5aca4be16c2d7da94065ed80b0b4f4f8",
        "is_verified": false,
        "line_number": 415
      },
      {
        "type": "Hex High Entropy String",
        "filename": ".secrets.baseline",
        "hashed_secret": "10bb13eb0fc682128f3945bdb51222c5e1f6fe9f",
        "is_verified": false,
        "line_number": 429
      },
      {
        "type": "Secret Keyword",
        "filename": ".secrets.baseline",
        "hashed_secret": "10bb13eb0fc682128f3945bdb51222c5e1f6fe9f",
        "is_verified": false,
        "line_number": 429
      },
      {
        "type": "Hex High Entropy String",
        "filename": ".secrets.baseline",
        "hashed_secret": "6fd4ecb67a62691bb4776db2bcf52250c7c0bd15",
        "is_verified": false,
        "line_number": 443
      },
      {
        "type": "Secret Keyword",
        "filename": ".secrets.baseline",
        "hashed_secret": "6fd4ecb67a62691bb4776db2bcf52250c7c0bd15",
        "is_verified": false,
        "line_number": 443
      },
      {
        "type": "Hex High Entropy String",
        "filename": ".secrets.baseline",
        "hashed_secret": "7a3515625bf942f42f815b20e8354a4d753a7401",
        "is_verified": false,
        "line_number": 457
      },
      {
        "type": "Secret Keyword",
        "filename": ".secrets.baseline",
        "hashed_secret": "7a3515625bf942f42f815b20e8354a4d753a7401",
        "is_verified": false,
        "line_number": 457
      },
      {
        "type": "Hex High Entropy String",
        "filename": ".secrets.baseline",
        "hashed_secret": "8076734230a68c8adff15d784acd23a03dab1191",
        "is_verified": false,
        "line_number": 471
      },
      {
        "type": "Secret Keyword",
        "filename": ".secrets.baseline",
        "hashed_secret": "8076734230a68c8adff15d784acd23a03dab1191",
        "is_verified": false,
        "line_number": 471
      },
      {
        "type": "Hex High Entropy String",
        "filename": ".secrets.baseline",
        "hashed_secret": "3297c9724f89878c1bc708442e39a334bc56c9a6",
        "is_verified": false,
        "line_number": 485
      },
      {
        "type": "Secret Keyword",
        "filename": ".secrets.baseline",
        "hashed_secret": "3297c9724f89878c1bc708442e39a334bc56c9a6",
        "is_verified": false,
        "line_number": 485
      },
      {
        "type": "Hex High Entropy String",
        "filename": ".secrets.baseline",
        "hashed_secret": "b2ab1a73557b0ba72d88b8813dbf7b5d1eb18e92",
        "is_verified": false,
        "line_number": 499
      },
      {
        "type": "Secret Keyword",
        "filename": ".secrets.baseline",
        "hashed_secret": "b2ab1a73557b0ba72d88b8813dbf7b5d1eb18e92",
        "is_verified": false,
        "line_number": 499
      },
      {
        "type": "Hex High Entropy String",
        "filename": ".secrets.baseline",
        "hashed_secret": "3381351c7ba5c83d411530f88414ccab81bdd6b3",
        "is_verified": false,
        "line_number": 513
      },
      {
        "type": "Secret Keyword",
        "filename": ".secrets.baseline",
        "hashed_secret": "3381351c7ba5c83d411530f88414ccab81bdd6b3",
        "is_verified": false,
        "line_number": 513
      },
      {
        "type": "Hex High Entropy String",
        "filename": ".secrets.baseline",
        "hashed_secret": "699a220a47c7f945c444cee4873b45ce3aaf99be",
        "is_verified": false,
        "line_number": 527
      },
      {
        "type": "Secret Keyword",
        "filename": ".secrets.baseline",
        "hashed_secret": "699a220a47c7f945c444cee4873b45ce3aaf99be",
        "is_verified": false,
        "line_number": 527
      },
      {
        "type": "Hex High Entropy String",
        "filename": ".secrets.baseline",
        "hashed_secret": "6eb283ad1e299a2ba6131aa824105a0807dcda15",
        "is_verified": false,
        "line_number": 541
      },
      {
        "type": "Secret Keyword",
        "filename": ".secrets.baseline",
        "hashed_secret": "6eb283ad1e299a2ba6131aa824105a0807dcda15",
        "is_verified": false,
        "line_number": 541
      },
      {
        "type": "Hex High Entropy String",
        "filename": ".secrets.baseline",
        "hashed_secret": "a4157096aa34ad2e3e9f4b229b655a75599a1b55",
        "is_verified": false,
        "line_number": 555
      },
      {
        "type": "Secret Keyword",
        "filename": ".secrets.baseline",
        "hashed_secret": "a4157096aa34ad2e3e9f4b229b655a75599a1b55",
        "is_verified": false,
        "line_number": 555
      },
      {
        "type": "Hex High Entropy String",
        "filename": ".secrets.baseline",
        "hashed_secret": "1092937cc3ad36742b4d81114f3e54715421ffbf",
        "is_verified": false,
        "line_number": 569
      },
      {
        "type": "Secret Keyword",
        "filename": ".secrets.baseline",
        "hashed_secret": "1092937cc3ad36742b4d81114f3e54715421ffbf",
        "is_verified": false,
        "line_number": 569
      },
      {
        "type": "Hex High Entropy String",
        "filename": ".secrets.baseline",
        "hashed_secret": "4227ffa61638518d45c13bb0d2e3dbc15f190038",
        "is_verified": false,
        "line_number": 583
      },
      {
        "type": "Secret Keyword",
        "filename": ".secrets.baseline",
        "hashed_secret": "4227ffa61638518d45c13bb0d2e3dbc15f190038",
        "is_verified": false,
        "line_number": 583
      },
      {
        "type": "Hex High Entropy String",
        "filename": ".secrets.baseline",
        "hashed_secret": "b90bccb76fdb4dbcc0f722f21c1ed5ac98e7edd2",
        "is_verified": false,
        "line_number": 597
      },
      {
        "type": "Secret Keyword",
        "filename": ".secrets.baseline",
        "hashed_secret": "b90bccb76fdb4dbcc0f722f21c1ed5ac98e7edd2",
        "is_verified": false,
        "line_number": 597
      },
      {
        "type": "Hex High Entropy String",
        "filename": ".secrets.baseline",
        "hashed_secret": "1440aabf918e496f35506a8ca3ec9b27752a3944",
        "is_verified": false,
        "line_number": 611
      },
      {
        "type": "Secret Keyword",
        "filename": ".secrets.baseline",
        "hashed_secret": "1440aabf918e496f35506a8ca3ec9b27752a3944",
        "is_verified": false,
        "line_number": 611
      },
      {
        "type": "Hex High Entropy String",
        "filename": ".secrets.baseline",
        "hashed_secret": "8c26b7857c57dceb21feea23958dcfb9c337ffd8",
        "is_verified": false,
        "line_number": 625
      },
      {
        "type": "Secret Keyword",
        "filename": ".secrets.baseline",
        "hashed_secret": "8c26b7857c57dceb21feea23958dcfb9c337ffd8",
        "is_verified": false,
        "line_number": 625
      },
      {
        "type": "Hex High Entropy String",
        "filename": ".secrets.baseline",
        "hashed_secret": "46d1fa3a7bae52d96fa607772fc1f036daa50d6d",
        "is_verified": false,
        "line_number": 639
      },
      {
        "type": "Secret Keyword",
        "filename": ".secrets.baseline",
        "hashed_secret": "46d1fa3a7bae52d96fa607772fc1f036daa50d6d",
        "is_verified": false,
        "line_number": 639
      },
      {
        "type": "Hex High Entropy String",
        "filename": ".secrets.baseline",
        "hashed_secret": "300f763877fc053422ba1b63684e7dccac74882c",
        "is_verified": false,
        "line_number": 653
      },
      {
        "type": "Secret Keyword",
        "filename": ".secrets.baseline",
        "hashed_secret": "300f763877fc053422ba1b63684e7dccac74882c",
        "is_verified": false,
        "line_number": 653
      },
      {
        "type": "Hex High Entropy String",
        "filename": ".secrets.baseline",
        "hashed_secret": "b823df164bba693305165ebc6ef9575bb31a1638",
        "is_verified": false,
        "line_number": 667
      },
      {
        "type": "Secret Keyword",
        "filename": ".secrets.baseline",
        "hashed_secret": "b823df164bba693305165ebc6ef9575bb31a1638",
        "is_verified": false,
        "line_number": 667
      },
      {
        "type": "Hex High Entropy String",
        "filename": ".secrets.baseline",
        "hashed_secret": "1d2e869a1f1367392bea89bdaf35b60127288095",
        "is_verified": false,
        "line_number": 681
      },
      {
        "type": "Secret Keyword",
        "filename": ".secrets.baseline",
        "hashed_secret": "1d2e869a1f1367392bea89bdaf35b60127288095",
        "is_verified": false,
        "line_number": 681
      },
      {
        "type": "Hex High Entropy String",
        "filename": ".secrets.baseline",
        "hashed_secret": "f9f6836f89a6103370ba412099b25aa286273039",
        "is_verified": false,
        "line_number": 695
      },
      {
        "type": "Secret Keyword",
        "filename": ".secrets.baseline",
        "hashed_secret": "f9f6836f89a6103370ba412099b25aa286273039",
        "is_verified": false,
        "line_number": 695
      },
      {
        "type": "Hex High Entropy String",
        "filename": ".secrets.baseline",
        "hashed_secret": "292dc00d9244c591dda530ca4a6f71c6119600ef",
        "is_verified": false,
        "line_number": 709
      },
      {
        "type": "Secret Keyword",
        "filename": ".secrets.baseline",
        "hashed_secret": "292dc00d9244c591dda530ca4a6f71c6119600ef",
        "is_verified": false,
        "line_number": 709
      },
      {
        "type": "Hex High Entropy String",
        "filename": ".secrets.baseline",
        "hashed_secret": "0338eda0c1fd1a96529b7540c7dbeb8d2afd1032",
        "is_verified": false,
        "line_number": 723
      },
      {
        "type": "Secret Keyword",
        "filename": ".secrets.baseline",
        "hashed_secret": "0338eda0c1fd1a96529b7540c7dbeb8d2afd1032",
        "is_verified": false,
        "line_number": 723
      },
      {
        "type": "Hex High Entropy String",
        "filename": ".secrets.baseline",
        "hashed_secret": "6ba2cdca182b23a7b8a9fdbeb35ac22a6596f1d2",
        "is_verified": false,
        "line_number": 737
      },
      {
        "type": "Secret Keyword",
        "filename": ".secrets.baseline",
        "hashed_secret": "6ba2cdca182b23a7b8a9fdbeb35ac22a6596f1d2",
        "is_verified": false,
        "line_number": 737
      },
      {
        "type": "Hex High Entropy String",
        "filename": ".secrets.baseline",
        "hashed_secret": "b3e739be3ef81c169ec9f10b596dbbcfb1276f85",
        "is_verified": false,
        "line_number": 751
      },
      {
        "type": "Secret Keyword",
        "filename": ".secrets.baseline",
        "hashed_secret": "b3e739be3ef81c169ec9f10b596dbbcfb1276f85",
        "is_verified": false,
        "line_number": 751
      },
      {
        "type": "Hex High Entropy String",
        "filename": ".secrets.baseline",
        "hashed_secret": "8b18afc63697ee09454c50b9a9d9142627f7a21a",
        "is_verified": false,
        "line_number": 765
      },
      {
        "type": "Secret Keyword",
        "filename": ".secrets.baseline",
        "hashed_secret": "8b18afc63697ee09454c50b9a9d9142627f7a21a",
        "is_verified": false,
        "line_number": 765
      },
      {
        "type": "Hex High Entropy String",
        "filename": ".secrets.baseline",
        "hashed_secret": "ea4e25f1f09961733f808a70cbd59f57fa4527c0",
        "is_verified": false,
        "line_number": 779
      },
      {
        "type": "Secret Keyword",
        "filename": ".secrets.baseline",
        "hashed_secret": "ea4e25f1f09961733f808a70cbd59f57fa4527c0",
        "is_verified": false,
        "line_number": 779
      },
      {
        "type": "Hex High Entropy String",
        "filename": ".secrets.baseline",
        "hashed_secret": "a8ff2411d8cc5deb8e622f6cf50741c9bc38fa3b",
        "is_verified": false,
        "line_number": 793
      },
      {
        "type": "Secret Keyword",
        "filename": ".secrets.baseline",
        "hashed_secret": "a8ff2411d8cc5deb8e622f6cf50741c9bc38fa3b",
        "is_verified": false,
        "line_number": 793
      },
      {
        "type": "Hex High Entropy String",
        "filename": ".secrets.baseline",
        "hashed_secret": "0c969ee3fa51bdd2a7dacd30d8f737b0ddf64578",
        "is_verified": false,
        "line_number": 807
      },
      {
        "type": "Secret Keyword",
        "filename": ".secrets.baseline",
        "hashed_secret": "0c969ee3fa51bdd2a7dacd30d8f737b0ddf64578",
        "is_verified": false,
        "line_number": 807
      },
      {
        "type": "Hex High Entropy String",
        "filename": ".secrets.baseline",
        "hashed_secret": "9e6a056bdd8a1c75cedfff533cafbe337f64c4f4",
        "is_verified": false,
        "line_number": 821
      },
      {
        "type": "Secret Keyword",
        "filename": ".secrets.baseline",
        "hashed_secret": "9e6a056bdd8a1c75cedfff533cafbe337f64c4f4",
        "is_verified": false,
        "line_number": 821
      },
      {
        "type": "Hex High Entropy String",
        "filename": ".secrets.baseline",
        "hashed_secret": "fd8fff36008a9d30c24c02b0eae175ef9f6971dc",
        "is_verified": false,
        "line_number": 835
      },
      {
        "type": "Secret Keyword",
        "filename": ".secrets.baseline",
        "hashed_secret": "fd8fff36008a9d30c24c02b0eae175ef9f6971dc",
        "is_verified": false,
        "line_number": 835
      },
      {
        "type": "Hex High Entropy String",
        "filename": ".secrets.baseline",
        "hashed_secret": "0ed499d89ff35f9570cc229f1deaa1855ae95a0a",
        "is_verified": false,
        "line_number": 849
      },
      {
        "type": "Secret Keyword",
        "filename": ".secrets.baseline",
        "hashed_secret": "0ed499d89ff35f9570cc229f1deaa1855ae95a0a",
        "is_verified": false,
        "line_number": 849
      },
      {
        "type": "Hex High Entropy String",
        "filename": ".secrets.baseline",
        "hashed_secret": "a71835f430158cacf82dbea9cfe9d7536fce6c4d",
        "is_verified": false,
        "line_number": 863
      },
      {
        "type": "Secret Keyword",
        "filename": ".secrets.baseline",
        "hashed_secret": "a71835f430158cacf82dbea9cfe9d7536fce6c4d",
        "is_verified": false,
        "line_number": 863
      },
      {
        "type": "Hex High Entropy String",
        "filename": ".secrets.baseline",
        "hashed_secret": "dff9890ccd03d59b1bb462f96514c6e4c46f01c6",
        "is_verified": false,
        "line_number": 877
      },
      {
        "type": "Secret Keyword",
        "filename": ".secrets.baseline",
        "hashed_secret": "dff9890ccd03d59b1bb462f96514c6e4c46f01c6",
        "is_verified": false,
        "line_number": 877
      },
      {
        "type": "Hex High Entropy String",
        "filename": ".secrets.baseline",
        "hashed_secret": "4ec0bbd6a0d39669dd49ccdedd1103c9ad175694",
        "is_verified": false,
        "line_number": 891
      },
      {
        "type": "Secret Keyword",
        "filename": ".secrets.baseline",
        "hashed_secret": "4ec0bbd6a0d39669dd49ccdedd1103c9ad175694",
        "is_verified": false,
        "line_number": 891
      },
      {
        "type": "Hex High Entropy String",
        "filename": ".secrets.baseline",
        "hashed_secret": "9b5d5bd40cb2bee0e07bb728723a334a6e895f37",
        "is_verified": false,
        "line_number": 905
      },
      {
        "type": "Secret Keyword",
        "filename": ".secrets.baseline",
        "hashed_secret": "9b5d5bd40cb2bee0e07bb728723a334a6e895f37",
        "is_verified": false,
        "line_number": 905
      },
      {
        "type": "Hex High Entropy String",
        "filename": ".secrets.baseline",
        "hashed_secret": "21da226dd371c915ea20715e60e43f4ead311501",
        "is_verified": false,
        "line_number": 919
      },
      {
        "type": "Secret Keyword",
        "filename": ".secrets.baseline",
        "hashed_secret": "21da226dd371c915ea20715e60e43f4ead311501",
        "is_verified": false,
        "line_number": 919
      },
      {
        "type": "Hex High Entropy String",
        "filename": ".secrets.baseline",
        "hashed_secret": "fa7169f133dc7b3cc2bc7403afcbe8978c9b309b",
        "is_verified": false,
        "line_number": 933
      },
      {
        "type": "Secret Keyword",
        "filename": ".secrets.baseline",
        "hashed_secret": "fa7169f133dc7b3cc2bc7403afcbe8978c9b309b",
        "is_verified": false,
        "line_number": 933
      },
      {
        "type": "Hex High Entropy String",
        "filename": ".secrets.baseline",
        "hashed_secret": "232381d82db59daeaaea2589a5c8e54dd12a69eb",
        "is_verified": false,
        "line_number": 947
      },
      {
        "type": "Secret Keyword",
        "filename": ".secrets.baseline",
        "hashed_secret": "232381d82db59daeaaea2589a5c8e54dd12a69eb",
        "is_verified": false,
        "line_number": 947
      },
      {
        "type": "Hex High Entropy String",
        "filename": ".secrets.baseline",
        "hashed_secret": "f141d880f901952eea41eef29e824bb7c0a7f61e",
        "is_verified": false,
        "line_number": 961
      },
      {
        "type": "Secret Keyword",
        "filename": ".secrets.baseline",
        "hashed_secret": "f141d880f901952eea41eef29e824bb7c0a7f61e",
        "is_verified": false,
        "line_number": 961
      },
      {
        "type": "Hex High Entropy String",
        "filename": ".secrets.baseline",
        "hashed_secret": "d03787d9120a16b04dd7a18803833ac19819ccb9",
        "is_verified": false,
        "line_number": 975
      },
      {
        "type": "Secret Keyword",
        "filename": ".secrets.baseline",
        "hashed_secret": "d03787d9120a16b04dd7a18803833ac19819ccb9",
        "is_verified": false,
        "line_number": 975
      },
      {
        "type": "Hex High Entropy String",
        "filename": ".secrets.baseline",
        "hashed_secret": "b0454f642032fa6e77873f0cd68977716c220ddf",
        "is_verified": false,
        "line_number": 989
      },
      {
        "type": "Secret Keyword",
        "filename": ".secrets.baseline",
        "hashed_secret": "b0454f642032fa6e77873f0cd68977716c220ddf",
        "is_verified": false,
        "line_number": 989
      },
      {
        "type": "Hex High Entropy String",
        "filename": ".secrets.baseline",
        "hashed_secret": "ad3748f1c672a75e11307d7fcfe5d665e831809f",
        "is_verified": false,
        "line_number": 1003
      },
      {
        "type": "Secret Keyword",
        "filename": ".secrets.baseline",
        "hashed_secret": "ad3748f1c672a75e11307d7fcfe5d665e831809f",
        "is_verified": false,
        "line_number": 1003
      },
      {
        "type": "Hex High Entropy String",
        "filename": ".secrets.baseline",
        "hashed_secret": "aa8f13b012e1e78c1069749824c797f4dc3e20fc",
        "is_verified": false,
        "line_number": 1017
      },
      {
        "type": "Secret Keyword",
        "filename": ".secrets.baseline",
        "hashed_secret": "aa8f13b012e1e78c1069749824c797f4dc3e20fc",
        "is_verified": false,
        "line_number": 1017
      },
      {
        "type": "Hex High Entropy String",
        "filename": ".secrets.baseline",
        "hashed_secret": "094285d972d5ef030f69ce376d6479b14efbad11",
        "is_verified": false,
        "line_number": 1031
      },
      {
        "type": "Secret Keyword",
        "filename": ".secrets.baseline",
        "hashed_secret": "094285d972d5ef030f69ce376d6479b14efbad11",
        "is_verified": false,
        "line_number": 1031
      },
      {
        "type": "Hex High Entropy String",
        "filename": ".secrets.baseline",
        "hashed_secret": "1672dee1807b44f680642e49b2becb8272134a96",
        "is_verified": false,
        "line_number": 1045
      },
      {
        "type": "Secret Keyword",
        "filename": ".secrets.baseline",
        "hashed_secret": "1672dee1807b44f680642e49b2becb8272134a96",
        "is_verified": false,
        "line_number": 1045
      },
      {
        "type": "Hex High Entropy String",
        "filename": ".secrets.baseline",
        "hashed_secret": "598d791c56cba5e65a0781bf7f459e5db7119350",
        "is_verified": false,
        "line_number": 1059
      },
      {
        "type": "Secret Keyword",
        "filename": ".secrets.baseline",
        "hashed_secret": "598d791c56cba5e65a0781bf7f459e5db7119350",
        "is_verified": false,
        "line_number": 1059
      },
      {
        "type": "Hex High Entropy String",
        "filename": ".secrets.baseline",
        "hashed_secret": "7e2cba388a8034478c92b9381fb874407146feed",
        "is_verified": false,
        "line_number": 1073
      },
      {
        "type": "Secret Keyword",
        "filename": ".secrets.baseline",
        "hashed_secret": "7e2cba388a8034478c92b9381fb874407146feed",
        "is_verified": false,
        "line_number": 1073
      },
      {
        "type": "Hex High Entropy String",
        "filename": ".secrets.baseline",
        "hashed_secret": "006f661a4b5173792cacc744535688853b492cfa",
        "is_verified": false,
        "line_number": 1087
      },
      {
        "type": "Secret Keyword",
        "filename": ".secrets.baseline",
        "hashed_secret": "006f661a4b5173792cacc744535688853b492cfa",
        "is_verified": false,
        "line_number": 1087
      },
      {
        "type": "Hex High Entropy String",
        "filename": ".secrets.baseline",
        "hashed_secret": "5e905891806a926ea7b6d81b7121943f3cbb4bb7",
        "is_verified": false,
        "line_number": 1101
      },
      {
        "type": "Secret Keyword",
        "filename": ".secrets.baseline",
        "hashed_secret": "5e905891806a926ea7b6d81b7121943f3cbb4bb7",
        "is_verified": false,
        "line_number": 1101
      },
      {
        "type": "Hex High Entropy String",
        "filename": ".secrets.baseline",
        "hashed_secret": "3253a0ce286c640c5382468c854642de3335670d",
        "is_verified": false,
        "line_number": 1115
      },
      {
        "type": "Secret Keyword",
        "filename": ".secrets.baseline",
        "hashed_secret": "3253a0ce286c640c5382468c854642de3335670d",
        "is_verified": false,
        "line_number": 1115
      },
      {
        "type": "Hex High Entropy String",
        "filename": ".secrets.baseline",
        "hashed_secret": "0bf364f9e06c7b2d82ac7740228f9c378f3d15a4",
        "is_verified": false,
        "line_number": 1129
      },
      {
        "type": "Secret Keyword",
        "filename": ".secrets.baseline",
        "hashed_secret": "0bf364f9e06c7b2d82ac7740228f9c378f3d15a4",
        "is_verified": false,
        "line_number": 1129
      },
      {
        "type": "Hex High Entropy String",
        "filename": ".secrets.baseline",
        "hashed_secret": "d1d9c5c2ec772ca5754fd9c4eb804a09c865f67e",
        "is_verified": false,
        "line_number": 1143
      },
      {
        "type": "Secret Keyword",
        "filename": ".secrets.baseline",
        "hashed_secret": "d1d9c5c2ec772ca5754fd9c4eb804a09c865f67e",
        "is_verified": false,
        "line_number": 1143
      },
      {
        "type": "Hex High Entropy String",
        "filename": ".secrets.baseline",
        "hashed_secret": "da25d7eb92667651fbb82872c364b420330ed302",
        "is_verified": false,
        "line_number": 1157
      },
      {
        "type": "Secret Keyword",
        "filename": ".secrets.baseline",
        "hashed_secret": "da25d7eb92667651fbb82872c364b420330ed302",
        "is_verified": false,
        "line_number": 1157
      },
      {
        "type": "Hex High Entropy String",
        "filename": ".secrets.baseline",
        "hashed_secret": "c3e1d1ca9fb1c90219fec7e2cc57bf14cfea4c5b",
        "is_verified": false,
        "line_number": 1171
      },
      {
        "type": "Secret Keyword",
        "filename": ".secrets.baseline",
        "hashed_secret": "c3e1d1ca9fb1c90219fec7e2cc57bf14cfea4c5b",
        "is_verified": false,
        "line_number": 1171
      },
      {
        "type": "Hex High Entropy String",
        "filename": ".secrets.baseline",
        "hashed_secret": "fd04873524ae3f4fa6dbd7a8b3b716e07bb2e6c1",
        "is_verified": false,
        "line_number": 1185
      },
      {
        "type": "Secret Keyword",
        "filename": ".secrets.baseline",
        "hashed_secret": "fd04873524ae3f4fa6dbd7a8b3b716e07bb2e6c1",
        "is_verified": false,
        "line_number": 1185
      },
      {
        "type": "Hex High Entropy String",
        "filename": ".secrets.baseline",
        "hashed_secret": "19d9d183901a37d5770f3e53af8fc45e4e8147d1",
        "is_verified": false,
        "line_number": 1199
      },
      {
        "type": "Secret Keyword",
        "filename": ".secrets.baseline",
        "hashed_secret": "19d9d183901a37d5770f3e53af8fc45e4e8147d1",
        "is_verified": false,
        "line_number": 1199
      },
      {
        "type": "Hex High Entropy String",
        "filename": ".secrets.baseline",
        "hashed_secret": "0c15b4bf9d5481c38b119fc1332cc1d5fac72b49",
        "is_verified": false,
        "line_number": 1213
      },
      {
        "type": "Secret Keyword",
        "filename": ".secrets.baseline",
        "hashed_secret": "0c15b4bf9d5481c38b119fc1332cc1d5fac72b49",
        "is_verified": false,
        "line_number": 1213
      },
      {
        "type": "Hex High Entropy String",
        "filename": ".secrets.baseline",
        "hashed_secret": "14885e50c5842aee88357e0e4d36921c14331ba7",
        "is_verified": false,
        "line_number": 1227
      },
      {
        "type": "Secret Keyword",
        "filename": ".secrets.baseline",
        "hashed_secret": "14885e50c5842aee88357e0e4d36921c14331ba7",
        "is_verified": false,
        "line_number": 1227
      },
      {
        "type": "Hex High Entropy String",
        "filename": ".secrets.baseline",
        "hashed_secret": "94d28bf5c9e1d4d459877c13c004391425cc56be",
        "is_verified": false,
        "line_number": 1241
      },
      {
        "type": "Secret Keyword",
        "filename": ".secrets.baseline",
        "hashed_secret": "94d28bf5c9e1d4d459877c13c004391425cc56be",
        "is_verified": false,
        "line_number": 1241
      },
      {
        "type": "Hex High Entropy String",
        "filename": ".secrets.baseline",
        "hashed_secret": "fc5a6c093e6fcef5c0698ce0afb44c7117f9bfce",
        "is_verified": false,
        "line_number": 1255
      },
      {
        "type": "Secret Keyword",
        "filename": ".secrets.baseline",
        "hashed_secret": "fc5a6c093e6fcef5c0698ce0afb44c7117f9bfce",
        "is_verified": false,
        "line_number": 1255
      },
      {
        "type": "Hex High Entropy String",
        "filename": ".secrets.baseline",
        "hashed_secret": "0a106b23dea28484523090c87248204756c4bf06",
        "is_verified": false,
        "line_number": 1269
      },
      {
        "type": "Secret Keyword",
        "filename": ".secrets.baseline",
        "hashed_secret": "0a106b23dea28484523090c87248204756c4bf06",
        "is_verified": false,
        "line_number": 1269
      },
      {
        "type": "Hex High Entropy String",
        "filename": ".secrets.baseline",
        "hashed_secret": "7ba8f73d741758fe57ad01f1fda034acb0d0a7fe",
        "is_verified": false,
        "line_number": 1283
      },
      {
        "type": "Secret Keyword",
        "filename": ".secrets.baseline",
        "hashed_secret": "7ba8f73d741758fe57ad01f1fda034acb0d0a7fe",
        "is_verified": false,
        "line_number": 1283
      },
      {
        "type": "Hex High Entropy String",
        "filename": ".secrets.baseline",
        "hashed_secret": "a6a71482a80149aa7bcbe65564a13ac800a9e3f0",
        "is_verified": false,
        "line_number": 1297
      },
      {
        "type": "Secret Keyword",
        "filename": ".secrets.baseline",
        "hashed_secret": "a6a71482a80149aa7bcbe65564a13ac800a9e3f0",
        "is_verified": false,
        "line_number": 1297
      },
      {
        "type": "Hex High Entropy String",
        "filename": ".secrets.baseline",
        "hashed_secret": "a0949a4811a136fe1956bdc2ab176b596404ba47",
        "is_verified": false,
        "line_number": 1311
      },
      {
        "type": "Secret Keyword",
        "filename": ".secrets.baseline",
        "hashed_secret": "a0949a4811a136fe1956bdc2ab176b596404ba47",
        "is_verified": false,
        "line_number": 1311
      },
      {
        "type": "Hex High Entropy String",
        "filename": ".secrets.baseline",
        "hashed_secret": "0a0836ad3cbbc4d6d8aaf50c12eee9f13b37c84f",
        "is_verified": false,
        "line_number": 1325
      },
      {
        "type": "Secret Keyword",
        "filename": ".secrets.baseline",
        "hashed_secret": "0a0836ad3cbbc4d6d8aaf50c12eee9f13b37c84f",
        "is_verified": false,
        "line_number": 1325
      },
      {
        "type": "Hex High Entropy String",
        "filename": ".secrets.baseline",
        "hashed_secret": "7c60294445a70750b9cddf7aa272009f6503d007",
        "is_verified": false,
        "line_number": 1339
      },
      {
        "type": "Secret Keyword",
        "filename": ".secrets.baseline",
        "hashed_secret": "7c60294445a70750b9cddf7aa272009f6503d007",
        "is_verified": false,
        "line_number": 1339
      },
      {
        "type": "Hex High Entropy String",
        "filename": ".secrets.baseline",
        "hashed_secret": "e7ef184c9815ea570deeac751d5ec6dcd891e8f1",
        "is_verified": false,
        "line_number": 1353
      },
      {
        "type": "Secret Keyword",
        "filename": ".secrets.baseline",
        "hashed_secret": "e7ef184c9815ea570deeac751d5ec6dcd891e8f1",
        "is_verified": false,
        "line_number": 1353
      },
      {
        "type": "Hex High Entropy String",
        "filename": ".secrets.baseline",
        "hashed_secret": "b1722d7434353b2910037b935e408c6833bbe6d4",
        "is_verified": false,
        "line_number": 1367
      },
      {
        "type": "Secret Keyword",
        "filename": ".secrets.baseline",
        "hashed_secret": "b1722d7434353b2910037b935e408c6833bbe6d4",
        "is_verified": false,
        "line_number": 1367
      },
      {
        "type": "Hex High Entropy String",
        "filename": ".secrets.baseline",
        "hashed_secret": "8689a6992d94506dd22c99d43112ae6ecaa2f296",
        "is_verified": false,
        "line_number": 1381
      },
      {
        "type": "Secret Keyword",
        "filename": ".secrets.baseline",
        "hashed_secret": "8689a6992d94506dd22c99d43112ae6ecaa2f296",
        "is_verified": false,
        "line_number": 1381
      },
      {
        "type": "Hex High Entropy String",
        "filename": ".secrets.baseline",
        "hashed_secret": "f7315e6c9b5690d2862411a97dbbcd95eb361cdf",
        "is_verified": false,
        "line_number": 1395
      },
      {
        "type": "Secret Keyword",
        "filename": ".secrets.baseline",
        "hashed_secret": "f7315e6c9b5690d2862411a97dbbcd95eb361cdf",
        "is_verified": false,
        "line_number": 1395
      },
      {
        "type": "Hex High Entropy String",
        "filename": ".secrets.baseline",
        "hashed_secret": "76f72067d09f0257470c68dc7b33056164b8ff02",
        "is_verified": false,
        "line_number": 1409
      },
      {
        "type": "Secret Keyword",
        "filename": ".secrets.baseline",
        "hashed_secret": "76f72067d09f0257470c68dc7b33056164b8ff02",
        "is_verified": false,
        "line_number": 1409
      },
      {
        "type": "Hex High Entropy String",
        "filename": ".secrets.baseline",
        "hashed_secret": "313f8409111a7fa2b953ffb8acac25b315b61a5b",
        "is_verified": false,
        "line_number": 1423
      },
      {
        "type": "Secret Keyword",
        "filename": ".secrets.baseline",
        "hashed_secret": "313f8409111a7fa2b953ffb8acac25b315b61a5b",
        "is_verified": false,
        "line_number": 1423
      },
      {
        "type": "Hex High Entropy String",
        "filename": ".secrets.baseline",
        "hashed_secret": "7a18d224436e321f06598a7f534ea9e2b0416892",
        "is_verified": false,
        "line_number": 1437
      },
      {
        "type": "Secret Keyword",
        "filename": ".secrets.baseline",
        "hashed_secret": "7a18d224436e321f06598a7f534ea9e2b0416892",
        "is_verified": false,
        "line_number": 1437
      },
      {
        "type": "Hex High Entropy String",
        "filename": ".secrets.baseline",
        "hashed_secret": "63b2afc0786e68422adaa540ad58678d3fd4bd24",
        "is_verified": false,
        "line_number": 1451
      },
      {
        "type": "Secret Keyword",
        "filename": ".secrets.baseline",
        "hashed_secret": "63b2afc0786e68422adaa540ad58678d3fd4bd24",
        "is_verified": false,
        "line_number": 1451
      },
      {
        "type": "Hex High Entropy String",
        "filename": ".secrets.baseline",
        "hashed_secret": "dc948f27d3d73076d75a70ba0ae54a2a5c991a31",
        "is_verified": false,
        "line_number": 1465
      },
      {
        "type": "Secret Keyword",
        "filename": ".secrets.baseline",
        "hashed_secret": "dc948f27d3d73076d75a70ba0ae54a2a5c991a31",
        "is_verified": false,
        "line_number": 1465
      },
      {
        "type": "Hex High Entropy String",
        "filename": ".secrets.baseline",
        "hashed_secret": "8f4c21223a8c1e1710f012a672118f42a6496e99",
        "is_verified": false,
        "line_number": 1479
      },
      {
        "type": "Secret Keyword",
        "filename": ".secrets.baseline",
        "hashed_secret": "8f4c21223a8c1e1710f012a672118f42a6496e99",
        "is_verified": false,
        "line_number": 1479
      },
      {
        "type": "Hex High Entropy String",
        "filename": ".secrets.baseline",
        "hashed_secret": "b507d0f3dc87d352eaf7947020f99fe9bc36bfb8",
        "is_verified": false,
        "line_number": 1493
      },
      {
        "type": "Secret Keyword",
        "filename": ".secrets.baseline",
        "hashed_secret": "b507d0f3dc87d352eaf7947020f99fe9bc36bfb8",
        "is_verified": false,
        "line_number": 1493
      },
      {
        "type": "Hex High Entropy String",
        "filename": ".secrets.baseline",
        "hashed_secret": "16f57a330dd6d355bd652a2e6cad0211ac167dca",
        "is_verified": false,
        "line_number": 1507
      },
      {
        "type": "Secret Keyword",
        "filename": ".secrets.baseline",
        "hashed_secret": "16f57a330dd6d355bd652a2e6cad0211ac167dca",
        "is_verified": false,
        "line_number": 1507
      },
      {
        "type": "Hex High Entropy String",
        "filename": ".secrets.baseline",
        "hashed_secret": "0373bd8bb69c3836d468fdf7f8a436a317a58811",
        "is_verified": false,
        "line_number": 1521
      },
      {
        "type": "Secret Keyword",
        "filename": ".secrets.baseline",
        "hashed_secret": "0373bd8bb69c3836d468fdf7f8a436a317a58811",
        "is_verified": false,
        "line_number": 1521
      },
      {
        "type": "Hex High Entropy String",
        "filename": ".secrets.baseline",
        "hashed_secret": "00909b27cb9e202a558f7e7bc27fd76603cf4582",
        "is_verified": false,
        "line_number": 1535
      },
      {
        "type": "Secret Keyword",
        "filename": ".secrets.baseline",
        "hashed_secret": "00909b27cb9e202a558f7e7bc27fd76603cf4582",
        "is_verified": false,
        "line_number": 1535
      },
      {
        "type": "Hex High Entropy String",
        "filename": ".secrets.baseline",
        "hashed_secret": "353a29921469f0768acd710d054830f0081ac9b2",
        "is_verified": false,
        "line_number": 1549
      },
      {
        "type": "Secret Keyword",
        "filename": ".secrets.baseline",
        "hashed_secret": "353a29921469f0768acd710d054830f0081ac9b2",
        "is_verified": false,
        "line_number": 1549
      },
      {
        "type": "Hex High Entropy String",
        "filename": ".secrets.baseline",
        "hashed_secret": "9c855c57227acc9c3399e2a9c21c1765d69618d8",
        "is_verified": false,
        "line_number": 1563
      },
      {
        "type": "Secret Keyword",
        "filename": ".secrets.baseline",
        "hashed_secret": "9c855c57227acc9c3399e2a9c21c1765d69618d8",
        "is_verified": false,
        "line_number": 1563
      },
      {
        "type": "Hex High Entropy String",
        "filename": ".secrets.baseline",
        "hashed_secret": "81894dd289583933cfb736702f6843384bc8e2f7",
        "is_verified": false,
        "line_number": 1577
      },
      {
        "type": "Secret Keyword",
        "filename": ".secrets.baseline",
        "hashed_secret": "81894dd289583933cfb736702f6843384bc8e2f7",
        "is_verified": false,
        "line_number": 1577
      },
      {
        "type": "Hex High Entropy String",
        "filename": ".secrets.baseline",
        "hashed_secret": "6260f4cfdb945ad18b5b1cc39fb458150b7a7be7",
        "is_verified": false,
        "line_number": 1591
      },
      {
        "type": "Secret Keyword",
        "filename": ".secrets.baseline",
        "hashed_secret": "6260f4cfdb945ad18b5b1cc39fb458150b7a7be7",
        "is_verified": false,
        "line_number": 1591
      },
      {
        "type": "Hex High Entropy String",
        "filename": ".secrets.baseline",
        "hashed_secret": "25673964d9c5bb0700b73f35a831dc97fbc27a58",
        "is_verified": false,
        "line_number": 1605
      },
      {
        "type": "Secret Keyword",
        "filename": ".secrets.baseline",
        "hashed_secret": "25673964d9c5bb0700b73f35a831dc97fbc27a58",
        "is_verified": false,
        "line_number": 1605
      },
      {
        "type": "Hex High Entropy String",
        "filename": ".secrets.baseline",
        "hashed_secret": "5ee0de33494f8fd69d84296159c36a92c883956c",
        "is_verified": false,
        "line_number": 1619
      },
      {
        "type": "Secret Keyword",
        "filename": ".secrets.baseline",
        "hashed_secret": "5ee0de33494f8fd69d84296159c36a92c883956c",
        "is_verified": false,
        "line_number": 1619
      },
      {
        "type": "Hex High Entropy String",
        "filename": ".secrets.baseline",
        "hashed_secret": "31ea7dae5c899bc645b0beedc090a3b40b800b25",
        "is_verified": false,
        "line_number": 1633
      },
      {
        "type": "Secret Keyword",
        "filename": ".secrets.baseline",
        "hashed_secret": "31ea7dae5c899bc645b0beedc090a3b40b800b25",
        "is_verified": false,
        "line_number": 1633
      },
      {
        "type": "Hex High Entropy String",
        "filename": ".secrets.baseline",
        "hashed_secret": "c6a2d185b9395aee9b75437b725de15a91d5eb83",
        "is_verified": false,
        "line_number": 1647
      },
      {
        "type": "Secret Keyword",
        "filename": ".secrets.baseline",
        "hashed_secret": "c6a2d185b9395aee9b75437b725de15a91d5eb83",
        "is_verified": false,
        "line_number": 1647
      },
      {
        "type": "Hex High Entropy String",
        "filename": ".secrets.baseline",
        "hashed_secret": "40efe1b6e5699d383afbab2587c0c382617839c7",
        "is_verified": false,
        "line_number": 1661
      },
      {
        "type": "Secret Keyword",
        "filename": ".secrets.baseline",
        "hashed_secret": "40efe1b6e5699d383afbab2587c0c382617839c7",
        "is_verified": false,
        "line_number": 1661
      },
      {
        "type": "Hex High Entropy String",
        "filename": ".secrets.baseline",
        "hashed_secret": "e06e181d25c53ee421234bb1e443b167ee8c5004",
        "is_verified": false,
        "line_number": 1675
      },
      {
        "type": "Secret Keyword",
        "filename": ".secrets.baseline",
        "hashed_secret": "e06e181d25c53ee421234bb1e443b167ee8c5004",
        "is_verified": false,
        "line_number": 1675
      },
      {
        "type": "Hex High Entropy String",
        "filename": ".secrets.baseline",
        "hashed_secret": "11665161da982f252e716f1141f1b30a4ce93b3f",
        "is_verified": false,
        "line_number": 1689
      },
      {
        "type": "Secret Keyword",
        "filename": ".secrets.baseline",
        "hashed_secret": "11665161da982f252e716f1141f1b30a4ce93b3f",
        "is_verified": false,
        "line_number": 1689
      },
      {
        "type": "Hex High Entropy String",
        "filename": ".secrets.baseline",
        "hashed_secret": "e8fd8b421367d7cb2ecc99ca1e8bfb49df5ce45d",
        "is_verified": false,
        "line_number": 1703
      },
      {
        "type": "Secret Keyword",
        "filename": ".secrets.baseline",
        "hashed_secret": "e8fd8b421367d7cb2ecc99ca1e8bfb49df5ce45d",
        "is_verified": false,
        "line_number": 1703
      },
      {
        "type": "Hex High Entropy String",
        "filename": ".secrets.baseline",
        "hashed_secret": "214702ee55a62fcb2f3959d46b1bb06b2dba193a",
        "is_verified": false,
        "line_number": 1717
      },
      {
        "type": "Secret Keyword",
        "filename": ".secrets.baseline",
        "hashed_secret": "214702ee55a62fcb2f3959d46b1bb06b2dba193a",
        "is_verified": false,
        "line_number": 1717
      },
      {
        "type": "Hex High Entropy String",
        "filename": ".secrets.baseline",
        "hashed_secret": "e1c863d195f1927b6dfaa5a2d81503081eefb754",
        "is_verified": false,
        "line_number": 1731
      },
      {
        "type": "Secret Keyword",
        "filename": ".secrets.baseline",
        "hashed_secret": "e1c863d195f1927b6dfaa5a2d81503081eefb754",
        "is_verified": false,
        "line_number": 1731
      },
      {
        "type": "Hex High Entropy String",
        "filename": ".secrets.baseline",
        "hashed_secret": "7433a85f922952368ed90694246ca70d05654306",
        "is_verified": false,
        "line_number": 1745
      },
      {
        "type": "Secret Keyword",
        "filename": ".secrets.baseline",
        "hashed_secret": "7433a85f922952368ed90694246ca70d05654306",
        "is_verified": false,
        "line_number": 1745
      },
      {
        "type": "Hex High Entropy String",
        "filename": ".secrets.baseline",
        "hashed_secret": "4a2726820a5f47529bd88ee92594b5843a676b44",
        "is_verified": false,
        "line_number": 1759
      },
      {
        "type": "Secret Keyword",
        "filename": ".secrets.baseline",
        "hashed_secret": "4a2726820a5f47529bd88ee92594b5843a676b44",
        "is_verified": false,
        "line_number": 1759
      },
      {
        "type": "Hex High Entropy String",
        "filename": ".secrets.baseline",
        "hashed_secret": "e4d47224f1f49a92539846ce42646ae991f7a330",
        "is_verified": false,
        "line_number": 1773
      },
      {
        "type": "Secret Keyword",
        "filename": ".secrets.baseline",
        "hashed_secret": "e4d47224f1f49a92539846ce42646ae991f7a330",
        "is_verified": false,
        "line_number": 1773
      },
      {
        "type": "Hex High Entropy String",
        "filename": ".secrets.baseline",
        "hashed_secret": "70f79475b827dd6be7dee5678ce758fd33da8bce",
        "is_verified": false,
        "line_number": 1787
      },
      {
        "type": "Secret Keyword",
        "filename": ".secrets.baseline",
        "hashed_secret": "70f79475b827dd6be7dee5678ce758fd33da8bce",
        "is_verified": false,
        "line_number": 1787
      },
      {
        "type": "Hex High Entropy String",
        "filename": ".secrets.baseline",
        "hashed_secret": "e8ff293a24e711a508f4fc457b9200a7e3daa2b9",
        "is_verified": false,
        "line_number": 1801
      },
      {
        "type": "Secret Keyword",
        "filename": ".secrets.baseline",
        "hashed_secret": "e8ff293a24e711a508f4fc457b9200a7e3daa2b9",
        "is_verified": false,
        "line_number": 1801
      },
      {
        "type": "Hex High Entropy String",
        "filename": ".secrets.baseline",
        "hashed_secret": "cd5399ba95817e301819b600b3173f4f2b5c6637",
        "is_verified": false,
        "line_number": 1815
      },
      {
        "type": "Secret Keyword",
        "filename": ".secrets.baseline",
        "hashed_secret": "cd5399ba95817e301819b600b3173f4f2b5c6637",
        "is_verified": false,
        "line_number": 1815
      },
      {
        "type": "Hex High Entropy String",
        "filename": ".secrets.baseline",
        "hashed_secret": "c08e20633685a2ede58c63fa807804b25ee85eda",
        "is_verified": false,
        "line_number": 1829
      },
      {
        "type": "Secret Keyword",
        "filename": ".secrets.baseline",
        "hashed_secret": "c08e20633685a2ede58c63fa807804b25ee85eda",
        "is_verified": false,
        "line_number": 1829
      },
      {
        "type": "Hex High Entropy String",
        "filename": ".secrets.baseline",
        "hashed_secret": "13b0e8bed57ab86f6ef8b0adf4160f617d73b4d2",
        "is_verified": false,
        "line_number": 1843
      },
      {
        "type": "Secret Keyword",
        "filename": ".secrets.baseline",
        "hashed_secret": "13b0e8bed57ab86f6ef8b0adf4160f617d73b4d2",
        "is_verified": false,
        "line_number": 1843
      },
      {
        "type": "Hex High Entropy String",
        "filename": ".secrets.baseline",
        "hashed_secret": "73e328815c19b913a98a59e891400de62d12530d",
        "is_verified": false,
        "line_number": 1857
      },
      {
        "type": "Secret Keyword",
        "filename": ".secrets.baseline",
        "hashed_secret": "73e328815c19b913a98a59e891400de62d12530d",
        "is_verified": false,
        "line_number": 1857
      },
      {
        "type": "Hex High Entropy String",
        "filename": ".secrets.baseline",
        "hashed_secret": "f71e36d8bbb9363f4152fc91c6cb53c500cea2cf",
        "is_verified": false,
        "line_number": 1871
      },
      {
        "type": "Secret Keyword",
        "filename": ".secrets.baseline",
        "hashed_secret": "f71e36d8bbb9363f4152fc91c6cb53c500cea2cf",
        "is_verified": false,
        "line_number": 1871
      },
      {
        "type": "Hex High Entropy String",
        "filename": ".secrets.baseline",
        "hashed_secret": "87475b2926b78c38bed304e7ec2493436cb6c742",
        "is_verified": false,
        "line_number": 1885
      },
      {
        "type": "Secret Keyword",
        "filename": ".secrets.baseline",
        "hashed_secret": "87475b2926b78c38bed304e7ec2493436cb6c742",
        "is_verified": false,
        "line_number": 1885
      },
      {
        "type": "Hex High Entropy String",
        "filename": ".secrets.baseline",
        "hashed_secret": "6763a4f7800dd5c3700700b39ff290304cd55e30",
        "is_verified": false,
        "line_number": 1901
      },
      {
        "type": "Secret Keyword",
        "filename": ".secrets.baseline",
        "hashed_secret": "6763a4f7800dd5c3700700b39ff290304cd55e30",
        "is_verified": false,
        "line_number": 1901
      },
      {
        "type": "Hex High Entropy String",
        "filename": ".secrets.baseline",
        "hashed_secret": "7c6ce7540c6af3f77da5d92c1587d5fb524a1de2",
        "is_verified": false,
        "line_number": 1910
      },
      {
        "type": "Secret Keyword",
        "filename": ".secrets.baseline",
        "hashed_secret": "7c6ce7540c6af3f77da5d92c1587d5fb524a1de2",
        "is_verified": false,
        "line_number": 1910
      },
      {
        "type": "Hex High Entropy String",
        "filename": ".secrets.baseline",
        "hashed_secret": "78f128df81639fc5f399e15ee75a0814601c4514",
        "is_verified": false,
        "line_number": 1919
      },
      {
        "type": "Secret Keyword",
        "filename": ".secrets.baseline",
        "hashed_secret": "78f128df81639fc5f399e15ee75a0814601c4514",
        "is_verified": false,
        "line_number": 1919
      },
      {
        "type": "Hex High Entropy String",
        "filename": ".secrets.baseline",
        "hashed_secret": "07b525d3e0c1b54a3517fbee9f279d2cedb052f8",
        "is_verified": false,
        "line_number": 1944
      },
      {
        "type": "Secret Keyword",
        "filename": ".secrets.baseline",
        "hashed_secret": "07b525d3e0c1b54a3517fbee9f279d2cedb052f8",
        "is_verified": false,
        "line_number": 1944
      },
      {
        "type": "Hex High Entropy String",
        "filename": ".secrets.baseline",
        "hashed_secret": "72909df2c31f288964dd7004374ce379e3e42b60",
        "is_verified": false,
        "line_number": 1951
      },
      {
        "type": "Secret Keyword",
        "filename": ".secrets.baseline",
        "hashed_secret": "72909df2c31f288964dd7004374ce379e3e42b60",
        "is_verified": false,
        "line_number": 1951
      },
      {
        "type": "Hex High Entropy String",
        "filename": ".secrets.baseline",
        "hashed_secret": "13d9afe6368ec3c4e5acf0692a96b6a84395440c",
        "is_verified": false,
        "line_number": 1958
      },
      {
        "type": "Secret Keyword",
        "filename": ".secrets.baseline",
        "hashed_secret": "13d9afe6368ec3c4e5acf0692a96b6a84395440c",
        "is_verified": false,
        "line_number": 1958
      },
      {
        "type": "Hex High Entropy String",
        "filename": ".secrets.baseline",
        "hashed_secret": "49748a6eab5835e060f32657534929333305b8a9",
        "is_verified": false,
        "line_number": 1965
      },
      {
        "type": "Secret Keyword",
        "filename": ".secrets.baseline",
        "hashed_secret": "49748a6eab5835e060f32657534929333305b8a9",
        "is_verified": false,
        "line_number": 1965
      },
      {
        "type": "Hex High Entropy String",
        "filename": ".secrets.baseline",
        "hashed_secret": "7542c170b2cf57068fa62d7d12a6395a98cba13b",
        "is_verified": false,
        "line_number": 1974
      },
      {
        "type": "Secret Keyword",
        "filename": ".secrets.baseline",
        "hashed_secret": "7542c170b2cf57068fa62d7d12a6395a98cba13b",
        "is_verified": false,
        "line_number": 1974
      },
      {
        "type": "Hex High Entropy String",
        "filename": ".secrets.baseline",
        "hashed_secret": "a7d2b846342f8186a5f7b4596c9542b85fe5a6b6",
        "is_verified": false,
        "line_number": 1983
      },
      {
        "type": "Secret Keyword",
        "filename": ".secrets.baseline",
        "hashed_secret": "a7d2b846342f8186a5f7b4596c9542b85fe5a6b6",
        "is_verified": false,
        "line_number": 1983
      },
      {
        "type": "Hex High Entropy String",
        "filename": ".secrets.baseline",
        "hashed_secret": "ce82607f2445570de44ccc8e2ac3718ef8868f12",
        "is_verified": false,
        "line_number": 1992
      },
      {
        "type": "Secret Keyword",
        "filename": ".secrets.baseline",
        "hashed_secret": "ce82607f2445570de44ccc8e2ac3718ef8868f12",
        "is_verified": false,
        "line_number": 1992
      },
      {
        "type": "Hex High Entropy String",
        "filename": ".secrets.baseline",
        "hashed_secret": "670b7181cec8ac2b3e6c3f414e585b05f6027559",
        "is_verified": false,
        "line_number": 2019
      },
      {
        "type": "Secret Keyword",
        "filename": ".secrets.baseline",
        "hashed_secret": "670b7181cec8ac2b3e6c3f414e585b05f6027559",
        "is_verified": false,
        "line_number": 2019
      },
      {
        "type": "Hex High Entropy String",
        "filename": ".secrets.baseline",
        "hashed_secret": "1646aed75eda75952309595e2944ff65ae604ce5",
        "is_verified": false,
        "line_number": 2026
      },
      {
        "type": "Secret Keyword",
        "filename": ".secrets.baseline",
        "hashed_secret": "1646aed75eda75952309595e2944ff65ae604ce5",
        "is_verified": false,
        "line_number": 2026
      },
      {
        "type": "Hex High Entropy String",
        "filename": ".secrets.baseline",
        "hashed_secret": "bdc62235ab58a9cae1e3b57213d4aa5be51fd254",
        "is_verified": false,
        "line_number": 2033
      },
      {
        "type": "Secret Keyword",
        "filename": ".secrets.baseline",
        "hashed_secret": "bdc62235ab58a9cae1e3b57213d4aa5be51fd254",
        "is_verified": false,
        "line_number": 2033
      },
      {
        "type": "Hex High Entropy String",
        "filename": ".secrets.baseline",
        "hashed_secret": "05216ec725e400f27826f953f5056f6630404377",
        "is_verified": false,
        "line_number": 2040
      },
      {
        "type": "Secret Keyword",
        "filename": ".secrets.baseline",
        "hashed_secret": "05216ec725e400f27826f953f5056f6630404377",
        "is_verified": false,
        "line_number": 2040
      },
      {
        "type": "Hex High Entropy String",
        "filename": ".secrets.baseline",
        "hashed_secret": "75eda23168aad3c30570403a2bc3bc1e6b8ce746",
        "is_verified": false,
        "line_number": 2047
      },
      {
        "type": "Secret Keyword",
        "filename": ".secrets.baseline",
        "hashed_secret": "75eda23168aad3c30570403a2bc3bc1e6b8ce746",
        "is_verified": false,
        "line_number": 2047
      },
      {
        "type": "Hex High Entropy String",
        "filename": ".secrets.baseline",
        "hashed_secret": "071f22b5b9fab6ebb21019c2fdb30626f845d8b6",
        "is_verified": false,
        "line_number": 2054
      },
      {
        "type": "Secret Keyword",
        "filename": ".secrets.baseline",
        "hashed_secret": "071f22b5b9fab6ebb21019c2fdb30626f845d8b6",
        "is_verified": false,
        "line_number": 2054
      },
      {
        "type": "Hex High Entropy String",
        "filename": ".secrets.baseline",
        "hashed_secret": "10b0713e5ce6ca4243f766e1819a57504293d8f4",
        "is_verified": false,
        "line_number": 2095
      },
      {
        "type": "Secret Keyword",
        "filename": ".secrets.baseline",
        "hashed_secret": "10b0713e5ce6ca4243f766e1819a57504293d8f4",
        "is_verified": false,
        "line_number": 2095
      },
      {
        "type": "Hex High Entropy String",
        "filename": ".secrets.baseline",
        "hashed_secret": "551df14561136123886848af63d70979f1cb26f9",
        "is_verified": false,
        "line_number": 2102
      },
      {
        "type": "Secret Keyword",
        "filename": ".secrets.baseline",
        "hashed_secret": "551df14561136123886848af63d70979f1cb26f9",
        "is_verified": false,
        "line_number": 2102
      },
      {
        "type": "Hex High Entropy String",
        "filename": ".secrets.baseline",
        "hashed_secret": "bb6e8ccc38e620606258cd8a0c4aab246ae5cf3c",
        "is_verified": false,
        "line_number": 2111
      },
      {
        "type": "Secret Keyword",
        "filename": ".secrets.baseline",
        "hashed_secret": "bb6e8ccc38e620606258cd8a0c4aab246ae5cf3c",
        "is_verified": false,
        "line_number": 2111
      },
      {
        "type": "Hex High Entropy String",
        "filename": ".secrets.baseline",
        "hashed_secret": "00ea9072d6d017ef259b98b3472a7e2ef4595087",
        "is_verified": false,
        "line_number": 2129
      },
      {
        "type": "Secret Keyword",
        "filename": ".secrets.baseline",
        "hashed_secret": "00ea9072d6d017ef259b98b3472a7e2ef4595087",
        "is_verified": false,
        "line_number": 2129
      },
      {
        "type": "Hex High Entropy String",
        "filename": ".secrets.baseline",
        "hashed_secret": "fd3a6aaba3b51d0f306679328a47e0dc6d8aa245",
        "is_verified": false,
        "line_number": 2136
      },
      {
        "type": "Secret Keyword",
        "filename": ".secrets.baseline",
        "hashed_secret": "fd3a6aaba3b51d0f306679328a47e0dc6d8aa245",
        "is_verified": false,
        "line_number": 2136
      },
      {
        "type": "Hex High Entropy String",
        "filename": ".secrets.baseline",
        "hashed_secret": "72300f53d4b3ceeaf85cfdcc2a21fa0a33c95288",
        "is_verified": false,
        "line_number": 2143
      },
      {
        "type": "Secret Keyword",
        "filename": ".secrets.baseline",
        "hashed_secret": "72300f53d4b3ceeaf85cfdcc2a21fa0a33c95288",
        "is_verified": false,
        "line_number": 2143
      },
      {
        "type": "Hex High Entropy String",
        "filename": ".secrets.baseline",
        "hashed_secret": "868218939cf0b7a3c6eb505a56631bde2c6ef492",
        "is_verified": false,
        "line_number": 2150
      },
      {
        "type": "Secret Keyword",
        "filename": ".secrets.baseline",
        "hashed_secret": "868218939cf0b7a3c6eb505a56631bde2c6ef492",
        "is_verified": false,
        "line_number": 2150
      },
      {
        "type": "Hex High Entropy String",
        "filename": ".secrets.baseline",
        "hashed_secret": "7a43c2f898da0184eed96174dc0a3df61232bd77",
        "is_verified": false,
        "line_number": 2159
      },
      {
        "type": "Secret Keyword",
        "filename": ".secrets.baseline",
        "hashed_secret": "7a43c2f898da0184eed96174dc0a3df61232bd77",
        "is_verified": false,
        "line_number": 2159
      },
      {
        "type": "Hex High Entropy String",
        "filename": ".secrets.baseline",
        "hashed_secret": "9c99d266151d9bdc97630050f04acc4e5ad8e162",
        "is_verified": false,
        "line_number": 2166
      },
      {
        "type": "Secret Keyword",
        "filename": ".secrets.baseline",
        "hashed_secret": "9c99d266151d9bdc97630050f04acc4e5ad8e162",
        "is_verified": false,
        "line_number": 2166
      },
      {
        "type": "Hex High Entropy String",
        "filename": ".secrets.baseline",
        "hashed_secret": "b9426c58bb7f4111d8305187383639ac7d68cad1",
        "is_verified": false,
        "line_number": 2173
      },
      {
        "type": "Secret Keyword",
        "filename": ".secrets.baseline",
        "hashed_secret": "b9426c58bb7f4111d8305187383639ac7d68cad1",
        "is_verified": false,
        "line_number": 2173
      },
      {
        "type": "Hex High Entropy String",
        "filename": ".secrets.baseline",
        "hashed_secret": "bbfe201e4c806efc7528ee3c5198ce9557f07eab",
        "is_verified": false,
        "line_number": 2180
      },
      {
        "type": "Secret Keyword",
        "filename": ".secrets.baseline",
        "hashed_secret": "bbfe201e4c806efc7528ee3c5198ce9557f07eab",
        "is_verified": false,
        "line_number": 2180
      }
    ],
    "README.md": [
      {
        "type": "Secret Keyword",
        "filename": "README.md",
        "hashed_secret": "b53496a0947bdc567c6408a9916dcc624af1748f",
        "is_verified": false,
        "line_number": 173
      }
    ],
    "alembic/versions/19e2bb154733_initial_schema.py": [
      {
        "type": "Hex High Entropy String",
        "filename": "alembic/versions/19e2bb154733_initial_schema.py",
        "hashed_secret": "4793afc35f75cb2a9a4f8ca9196dd729f18ff884",
        "is_verified": false,
        "line_number": 18
      }
    ],
    "alembic/versions/51dc2c631da4_fix_work_experiences_current_end_date_.py": [
      {
        "type": "Hex High Entropy String",
        "filename": "alembic/versions/51dc2c631da4_fix_work_experiences_current_end_date_.py",
        "hashed_secret": "06f3d50895b44dab88332f16023abb77c0c9d236",
        "is_verified": false,
        "line_number": 27
      },
      {
        "type": "Hex High Entropy String",
        "filename": "alembic/versions/51dc2c631da4_fix_work_experiences_current_end_date_.py",
        "hashed_secret": "4793afc35f75cb2a9a4f8ca9196dd729f18ff884",
        "is_verified": false,
        "line_number": 28
      }
    ],
    "app/core/config.py": [
      {
        "type": "Basic Auth Credentials",
        "filename": "app/core/config.py",
        "hashed_secret": "afc848c316af1a89d49826c5ae9d00ed769415f3",
        "is_verified": false,
        "line_number": 142
      }
    ],
    "app/core/constants.py": [
      {
        "type": "Secret Keyword",
        "filename": "app/core/constants.py",
        "hashed_secret": "08ae4c719b89460ac01158ec4157b588ff8ac111",
        "is_verified": false,
        "line_number": 72
      },
      {
        "type": "Secret Keyword",
        "filename": "app/core/constants.py",
        "hashed_secret": "630254b80e05ea9a12bb7f4f5599c840eb6eefd1",
        "is_verified": false,
        "line_number": 440
      },
      {
        "type": "Secret Keyword",
        "filename": "app/core/constants.py",
        "hashed_secret": "e4518b9940baabb8aa6b6d70937b652ec36cff1e",
        "is_verified": false,
        "line_number": 442
      },
      {
        "type": "Secret Keyword",
        "filename": "app/core/constants.py",
        "hashed_secret": "301e799255db683ad81f4522798176fb62d0a6c4",
        "is_verified": false,
        "line_number": 444
      }
    ],
    "app/core/exceptions.py": [
      {
        "type": "Secret Keyword",
        "filename": "app/core/exceptions.py",
        "hashed_secret": "b61db1cf8eb899e0ccd4ec4c88668b01a9fe2574",
        "is_verified": false,
        "line_number": 36
      }
    ],
    "app/core/security.py": [
      {
        "type": "Hex High Entropy String",
        "filename": "app/core/security.py",
        "hashed_secret": "370194ff6e0f93a7432e16cc9badd9427e8b4e13",
        "is_verified": false,
        "line_number": 321
      }
    ],
    "app/services/delivery_service.py": [
      {
        "type": "Secret Keyword",
        "filename": "app/services/delivery_service.py",
        "hashed_secret": "a613756e030149431b0337e8b3a6c62440eb5ddc",
        "is_verified": false,
        "line_number": 34
      }
    ],
    "docker-compose.yml": [
      {
        "type": "Secret Keyword",
        "filename": "docker-compose.yml",
        "hashed_secret": "b53496a0947bdc567c6408a9916dcc624af1748f",
        "is_verified": false,
        "line_number": 18
      }
    ],
    "pyproject.toml": [
      {
        "type": "Secret Keyword",
        "filename": "pyproject.toml",
        "hashed_secret": "630254b80e05ea9a12bb7f4f5599c840eb6eefd1",
        "is_verified": false,
        "line_number": 89
      }
    ],
    "tests/api/test_auth_flow.py": [
      {
        "type": "Secret Keyword",
        "filename": "tests/api/test_auth_flow.py",
        "hashed_secret": "f057cdf59eff4bbb957a8b40fd15fdbf2b73aedd",
        "is_verified": false,
        "line_number": 16
      },
      {
        "type": "Secret Keyword",
        "filename": "tests/api/test_auth_flow.py",
        "hashed_secret": "30973451b1eb8fbf3ca6c07c463bc5034ac3e80f",
        "is_verified": false,
        "line_number": 17
      },
      {
        "type": "JSON Web Token",
        "filename": "tests/api/test_auth_flow.py",
        "hashed_secret": "46c22790821633afc004f94ca23673babc0d0700",
        "is_verified": false,
        "line_number": 305
      },
      {
        "type": "Secret Keyword",
        "filename": "tests/api/test_auth_flow.py",
        "hashed_secret": "ad99939745540780664e570ccdfcd48b3bdee877",
        "is_verified": false,
        "line_number": 585
      },
      {
        "type": "Secret Keyword",
        "filename": "tests/api/test_auth_flow.py",
        "hashed_secret": "1ded3053d0363079a4e681a3b700435d6d880290",
        "is_verified": false,
        "line_number": 604
      },
      {
        "type": "Secret Keyword",
        "filename": "tests/api/test_auth_flow.py",
        "hashed_secret": "98a5b93a75b8df477456fda0ee32dc63bf6a3920",
        "is_verified": false,
        "line_number": 707
      }
    ],
    "tests/api/test_worker_passport.py": [
      {
        "type": "Secret Keyword",
        "filename": "tests/api/test_worker_passport.py",
        "hashed_secret": "f057cdf59eff4bbb957a8b40fd15fdbf2b73aedd",
        "is_verified": false,
        "line_number": 54
      }
    ],
    "tests/conftest.py": [
      {
        "type": "Basic Auth Credentials",
        "filename": "tests/conftest.py",
        "hashed_secret": "afc848c316af1a89d49826c5ae9d00ed769415f3",
        "is_verified": false,
        "line_number": 39
      },
      {
        "type": "Secret Keyword",
        "filename": "tests/conftest.py",
        "hashed_secret": "f057cdf59eff4bbb957a8b40fd15fdbf2b73aedd",
        "is_verified": false,
        "line_number": 237
      }
    ],
    "tests/security/test_authorization_and_security.py": [
      {
        "type": "Secret Keyword",
        "filename": "tests/security/test_authorization_and_security.py",
        "hashed_secret": "f057cdf59eff4bbb957a8b40fd15fdbf2b73aedd",
        "is_verified": false,
        "line_number": 19
      },
      {
        "type": "Secret Keyword",
        "filename": "tests/security/test_authorization_and_security.py",
        "hashed_secret": "4e0e4942ab69e295155530a2ffefa8fa48f2c071",
        "is_verified": false,
        "line_number": 559
      },
      {
        "type": "Basic Auth Credentials",
        "filename": "tests/security/test_authorization_and_security.py",
        "hashed_secret": "d48fc379560ebd350e65e1731e06c27aca7fbe5e",
        "is_verified": false,
        "line_number": 598
      }
    ],
    "tests/unit/test_request_context.py": [
      {
        "type": "Secret Keyword",
        "filename": "tests/unit/test_request_context.py",
        "hashed_secret": "9f263852ee0525683c1011b6b8761cf35173f8a3",
        "is_verified": false,
        "line_number": 65
      }
    ],
    "tests/unit/test_security.py": [
      {
        "type": "Secret Keyword",
        "filename": "tests/unit/test_security.py",
        "hashed_secret": "f057cdf59eff4bbb957a8b40fd15fdbf2b73aedd",
        "is_verified": false,
        "line_number": 52
      }
    ],
    "tests/unit/test_seed_data.py": [
      {
        "type": "Secret Keyword",
        "filename": "tests/unit/test_seed_data.py",
        "hashed_secret": "488cb484f08cb566b61bc5e920c91cd3dcff70a0",
        "is_verified": false,
        "line_number": 72
      },
      {
        "type": "Secret Keyword",
        "filename": "tests/unit/test_seed_data.py",
        "hashed_secret": "ebb22e193a572a4f3034df1a602f176348d055cd",
        "is_verified": false,
        "line_number": 73
      },
      {
        "type": "Basic Auth Credentials",
        "filename": "tests/unit/test_seed_data.py",
        "hashed_secret": "086b19538ea9d10acfb923ce9d8512cdbabec83f",
        "is_verified": false,
        "line_number": 75
      },
      {
        "type": "Secret Keyword",
        "filename": "tests/unit/test_seed_data.py",
        "hashed_secret": "40f00af7164034ea9ebf92470a2eddffa3c48e3b",
        "is_verified": false,
        "line_number": 581
      }
    ],
    "tests/unit/test_storage.py": [
      {
        "type": "Secret Keyword",
        "filename": "tests/unit/test_storage.py",
        "hashed_secret": "ac57ed51bf9880dee58ca99bd4c7bcb8aaab8bc9",
        "is_verified": false,
        "line_number": 49
      },
      {
        "type": "Secret Keyword",
        "filename": "tests/unit/test_storage.py",
        "hashed_secret": "9aeb1edcfc7e55b1a6dd9e247c8de6c3ac3b22b8",
        "is_verified": false,
        "line_number": 134
      },
      {
        "type": "Secret Keyword",
        "filename": "tests/unit/test_storage.py",
        "hashed_secret": "44836fffdecaee4624164827be4c1c61401b8edd",
        "is_verified": false,
        "line_number": 135
      },
      {
        "type": "Basic Auth Credentials",
        "filename": "tests/unit/test_storage.py",
        "hashed_secret": "fe2e2dcf4874b065688add8c5c7dc3e2ed9d54e7",
        "is_verified": false,
        "line_number": 137
      }
    ]
  },
  "generated_at": "2026-10-02T20:30:49Z"
}
