{
  "version": "1.5.0",
  "plugins_used": [
    {
      "name": "ArtifactoryDetector"
    },
    {
      "name": "AWSKeyDetector"
    },
    {
      "name": "AzureStorageKeyDetector"
    },
    {
      "name": "Base64HighEntropyString",
      "limit": 4.5
    },
    {
      "name": "BasicAuthDetector"
    },
    {
      "name": "CloudantDetector"
    },
    {
      "name": "DiscordBotTokenDetector"
    },
    {
      "name": "GitHubTokenDetector"
    },
    {
      "name": "GitLabTokenDetector"
    },
    {
      "name": "HexHighEntropyString",
      "limit": 3.0
    },
    {
      "name": "IbmCloudIamDetector"
    },
    {
      "name": "IbmCosHmacDetector"
    },
    {
      "name": "IPPublicDetector"
    },
    {
      "name": "JwtTokenDetector"
    },
    {
      "name": "KeywordDetector",
      "keyword_exclude": ""
    },
    {
      "name": "MailchimpDetector"
    },
    {
      "name": "NpmDetector"
    },
    {
      "name": "OpenAIDetector"
    },
    {
      "name": "PrivateKeyDetector"
    },
    {
      "name": "PypiTokenDetector"
    },
    {
      "name": "SendGridDetector"
    },
    {
      "name": "SlackDetector"
    },
    {
      "name": "SoftlayerDetector"
    },
    {
      "name": "SquareOAuthDetector"
    },
    {
      "name": "StripeDetector"
    },
    {
      "name": "TelegramBotTokenDetector"
    },
    {
      "name": "TwilioKeyDetector"
    }
  ],
  "filters_used": [
    {
      "path": "detect_secrets.filters.allowlist.is_line_allowlisted"
    },
    {
      "path": "detect_secrets.filters.common.is_baseline_file",
      "filename": "/home/Student/FundiPulse/.secrets.baseline"
    },
    {
      "path": "detect_secrets.filters.common.is_ignored_due_to_verification_policies",
      "min_level": 2
    },
    {
      "path": "detect_secrets.filters.heuristic.is_indirect_reference"
    },
    {
      "path": "detect_secrets.filters.heuristic.is_likely_id_string"
    },
    {
      "path": "detect_secrets.filters.heuristic.is_lock_file"
    },
    {
      "path": "detect_secrets.filters.heuristic.is_not_alphanumeric_string"
    },
    {
      "path": "detect_secrets.filters.heuristic.is_potential_uuid"
    },
    {
      "path": "detect_secrets.filters.heuristic.is_prefixed_with_dollar_sign"
    },
    {
      "path": "detect_secrets.filters.heuristic.is_sequential_string"
    },
    {
      "path": "detect_secrets.filters.heuristic.is_swagger_file"
    },
    {
      "path": "detect_secrets.filters.heuristic.is_templated_secret"
    },
    {
      "path": "detect_secrets.filters.regex.should_exclude_file",
      "pattern": [
        "((\\.venv|\\.git|__pycache__|\\.mypy_cache|\\.ruff_cache|\\.pytest_cache|node_modules)/.*|.*\\.pyc$)"
      ]
    }
  ],
  "results": {
    ".env.example": [
      {
        "type": "Basic Auth Credentials",
        "filename": ".env.example",
        "hashed_secret": "afc848c316af1a89d49826c5ae9d00ed769415f3",
        "is_verified": false,
        "line_number": 27
      }
    ],
    ".secrets.baseline": [
      {
        "type": "Hex High Entropy String",
        "filename": ".secrets.baseline",
        "hashed_secret": "e286fb375a5f7b98d91f8180db3d887744194fce",
        "is_verified": false,
        "line_number": 140
      },
      {
        "type": "Secret Keyword",
        "filename": ".secrets.baseline",
        "hashed_secret": "e286fb375a5f7b98d91f8180db3d887744194fce",
        "is_verified": false,
        "line_number": 140
      },
      {
        "type": "Hex High Entropy String",
        "filename": ".secrets.baseline",
        "hashed_secret": "4d1eb3f53fbcc75f4227896cdea74fc6b178adb1",
        "is_verified": false,
        "line_number": 149
      },
      {
        "type": "Secret Keyword",
        "filename": ".secrets.baseline",
        "hashed_secret": "4d1eb3f53fbcc75f4227896cdea74fc6b178adb1",
        "is_verified": false,
        "line_number": 149
      },
      {
        "type": "Hex High Entropy String",
        "filename": ".secrets.baseline",
        "hashed_secret": "e812e1be30f9f5cd62ba5b12e264f763327fbef2",
        "is_verified": false,
        "line_number": 163
      },
      {
        "type": "Secret Keyword",
        "filename": ".secrets.baseline",
        "hashed_secret": "e812e1be30f9f5cd62ba5b12e264f763327fbef2",
        "is_verified": false,
        "line_number": 163
      },
      {
        "type": "Hex High Entropy String",
        "filename": ".secrets.baseline",
        "hashed_secret": "d1d9c5c2ec772ca5754fd9c4eb804a09c865f67e",
        "is_verified": false,
        "line_number": 177
      },
      {
        "type": "Secret Keyword",
        "filename": ".secrets.baseline",
        "hashed_secret": "d1d9c5c2ec772ca5754fd9c4eb804a09c865f67e",
        "is_verified": false,
        "line_number": 177
      },
      {
        "type": "Hex High Entropy String",
        "filename": ".secrets.baseline",
        "hashed_secret": "da25d7eb92667651fbb82872c364b420330ed302",
        "is_verified": false,
        "line_number": 191
      },
      {
        "type": "Secret Keyword",
        "filename": ".secrets.baseline",
        "hashed_secret": "da25d7eb92667651fbb82872c364b420330ed302",
        "is_verified": false,
        "line_number": 191
      },
      {
        "type": "Hex High Entropy String",
        "filename": ".secrets.baseline",
        "hashed_secret": "fd04873524ae3f4fa6dbd7a8b3b716e07bb2e6c1",
        "is_verified": false,
        "line_number": 205
      },
      {
        "type": "Secret Keyword",
        "filename": ".secrets.baseline",
        "hashed_secret": "fd04873524ae3f4fa6dbd7a8b3b716e07bb2e6c1",
        "is_verified": false,
        "line_number": 205
      },
      {
        "type": "Hex High Entropy String",
        "filename": ".secrets.baseline",
        "hashed_secret": "19d9d183901a37d5770f3e53af8fc45e4e8147d1",
        "is_verified": false,
        "line_number": 219
      },
      {
        "type": "Secret Keyword",
        "filename": ".secrets.baseline",
        "hashed_secret": "19d9d183901a37d5770f3e53af8fc45e4e8147d1",
        "is_verified": false,
        "line_number": 219
      },
      {
        "type": "Hex High Entropy String",
        "filename": ".secrets.baseline",
        "hashed_secret": "0c15b4bf9d5481c38b119fc1332cc1d5fac72b49",
        "is_verified": false,
        "line_number": 233
      },
      {
        "type": "Secret Keyword",
        "filename": ".secrets.baseline",
        "hashed_secret": "0c15b4bf9d5481c38b119fc1332cc1d5fac72b49",
        "is_verified": false,
        "line_number": 233
      },
      {
        "type": "Hex High Entropy String",
        "filename": ".secrets.baseline",
        "hashed_secret": "14885e50c5842aee88357e0e4d36921c14331ba7",
        "is_verified": false,
        "line_number": 247
      },
      {
        "type": "Secret Keyword",
        "filename": ".secrets.baseline",
        "hashed_secret": "14885e50c5842aee88357e0e4d36921c14331ba7",
        "is_verified": false,
        "line_number": 247
      },
      {
        "type": "Hex High Entropy String",
        "filename": ".secrets.baseline",
        "hashed_secret": "94d28bf5c9e1d4d459877c13c004391425cc56be",
        "is_verified": false,
        "line_number": 261
      },
      {
        "type": "Secret Keyword",
        "filename": ".secrets.baseline",
        "hashed_secret": "94d28bf5c9e1d4d459877c13c004391425cc56be",
        "is_verified": false,
        "line_number": 261
      },
      {
        "type": "Hex High Entropy String",
        "filename": ".secrets.baseline",
        "hashed_secret": "fc5a6c093e6fcef5c0698ce0afb44c7117f9bfce",
        "is_verified": false,
        "line_number": 275
      },
      {
        "type": "Secret Keyword",
        "filename": ".secrets.baseline",
        "hashed_secret": "fc5a6c093e6fcef5c0698ce0afb44c7117f9bfce",
        "is_verified": false,
        "line_number": 275
      },
      {
        "type": "Hex High Entropy String",
        "filename": ".secrets.baseline",
        "hashed_secret": "0a106b23dea28484523090c87248204756c4bf06",
        "is_verified": false,
        "line_number": 289
      },
      {
        "type": "Secret Keyword",
        "filename": ".secrets.baseline",
        "hashed_secret": "0a106b23dea28484523090c87248204756c4bf06",
        "is_verified": false,
        "line_number": 289
      },
      {
        "type": "Hex High Entropy String",
        "filename": ".secrets.baseline",
        "hashed_secret": "7ba8f73d741758fe57ad01f1fda034acb0d0a7fe",
        "is_verified": false,
        "line_number": 303
      },
      {
        "type": "Secret Keyword",
        "filename": ".secrets.baseline",
        "hashed_secret": "7ba8f73d741758fe57ad01f1fda034acb0d0a7fe",
        "is_verified": false,
        "line_number": 303
      },
      {
        "type": "Hex High Entropy String",
        "filename": ".secrets.baseline",
        "hashed_secret": "a6a71482a80149aa7bcbe65564a13ac800a9e3f0",
        "is_verified": false,
        "line_number": 317
      },
      {
        "type": "Secret Keyword",
        "filename": ".secrets.baseline",
        "hashed_secret": "a6a71482a80149aa7bcbe65564a13ac800a9e3f0",
        "is_verified": false,
        "line_number": 317
      },
      {
        "type": "Hex High Entropy String",
        "filename": ".secrets.baseline",
        "hashed_secret": "a0949a4811a136fe1956bdc2ab176b596404ba47",
        "is_verified": false,
        "line_number": 331
      },
      {
        "type": "Secret Keyword",
        "filename": ".secrets.baseline",
        "hashed_secret": "a0949a4811a136fe1956bdc2ab176b596404ba47",
        "is_verified": false,
        "line_number": 331
      },
      {
        "type": "Hex High Entropy String",
        "filename": ".secrets.baseline",
        "hashed_secret": "0a0836ad3cbbc4d6d8aaf50c12eee9f13b37c84f",
        "is_verified": false,
        "line_number": 345
      },
      {
        "type": "Secret Keyword",
        "filename": ".secrets.baseline",
        "hashed_secret": "0a0836ad3cbbc4d6d8aaf50c12eee9f13b37c84f",
        "is_verified": false,
        "line_number": 345
      },
      {
        "type": "Hex High Entropy String",
        "filename": ".secrets.baseline",
        "hashed_secret": "7c60294445a70750b9cddf7aa272009f6503d007",
        "is_verified": false,
        "line_number": 359
      },
      {
        "type": "Secret Keyword",
        "filename": ".secrets.baseline",
        "hashed_secret": "7c60294445a70750b9cddf7aa272009f6503d007",
        "is_verified": false,
        "line_number": 359
      },
      {
        "type": "Hex High Entropy String",
        "filename": ".secrets.baseline",
        "hashed_secret": "e7ef184c9815ea570deeac751d5ec6dcd891e8f1",
        "is_verified": false,
        "line_number": 373
      },
      {
        "type": "Secret Keyword",
        "filename": ".secrets.baseline",
        "hashed_secret": "e7ef184c9815ea570deeac751d5ec6dcd891e8f1",
        "is_verified": false,
        "line_number": 373
      },
      {
        "type": "Hex High Entropy String",
        "filename": ".secrets.baseline",
        "hashed_secret": "0373bd8bb69c3836d468fdf7f8a436a317a58811",
        "is_verified": false,
        "line_number": 387
      },
      {
        "type": "Secret Keyword",
        "filename": ".secrets.baseline",
        "hashed_secret": "0373bd8bb69c3836d468fdf7f8a436a317a58811",
        "is_verified": false,
        "line_number": 387
      },
      {
        "type": "Hex High Entropy String",
        "filename": ".secrets.baseline",
        "hashed_secret": "00909b27cb9e202a558f7e7bc27fd76603cf4582",
        "is_verified": false,
        "line_number": 401
      },
      {
        "type": "Secret Keyword",
        "filename": ".secrets.baseline",
        "hashed_secret": "00909b27cb9e202a558f7e7bc27fd76603cf4582",
        "is_verified": false,
        "line_number": 401
      },
      {
        "type": "Hex High Entropy String",
        "filename": ".secrets.baseline",
        "hashed_secret": "9c855c57227acc9c3399e2a9c21c1765d69618d8",
        "is_verified": false,
        "line_number": 415
      },
      {
        "type": "Secret Keyword",
        "filename": ".secrets.baseline",
        "hashed_secret": "9c855c57227acc9c3399e2a9c21c1765d69618d8",
        "is_verified": false,
        "line_number": 415
      },
      {
        "type": "Hex High Entropy String",
        "filename": ".secrets.baseline",
        "hashed_secret": "81894dd289583933cfb736702f6843384bc8e2f7",
        "is_verified": false,
        "line_number": 429
      },
      {
        "type": "Secret Keyword",
        "filename": ".secrets.baseline",
        "hashed_secret": "81894dd289583933cfb736702f6843384bc8e2f7",
        "is_verified": false,
        "line_number": 429
      },
      {
        "type": "Hex High Entropy String",
        "filename": ".secrets.baseline",
        "hashed_secret": "6260f4cfdb945ad18b5b1cc39fb458150b7a7be7",
        "is_verified": false,
        "line_number": 443
      },
      {
        "type": "Secret Keyword",
        "filename": ".secrets.baseline",
        "hashed_secret": "6260f4cfdb945ad18b5b1cc39fb458150b7a7be7",
        "is_verified": false,
        "line_number": 443
      },
      {
        "type": "Hex High Entropy String",
        "filename": ".secrets.baseline",
        "hashed_secret": "25673964d9c5bb0700b73f35a831dc97fbc27a58",
        "is_verified": false,
        "line_number": 457
      },
      {
        "type": "Secret Keyword",
        "filename": ".secrets.baseline",
        "hashed_secret": "25673964d9c5bb0700b73f35a831dc97fbc27a58",
        "is_verified": false,
        "line_number": 457
      },
      {
        "type": "Hex High Entropy String",
        "filename": ".secrets.baseline",
        "hashed_secret": "5ee0de33494f8fd69d84296159c36a92c883956c",
        "is_verified": false,
        "line_number": 471
      },
      {
        "type": "Secret Keyword",
        "filename": ".secrets.baseline",
        "hashed_secret": "5ee0de33494f8fd69d84296159c36a92c883956c",
        "is_verified": false,
        "line_number": 471
      },
      {
        "type": "Hex High Entropy String",
        "filename": ".secrets.baseline",
        "hashed_secret": "31ea7dae5c899bc645b0beedc090a3b40b800b25",
        "is_verified": false,
        "line_number": 485
      },
      {
        "type": "Secret Keyword",
        "filename": ".secrets.baseline",
        "hashed_secret": "31ea7dae5c899bc645b0beedc090a3b40b800b25",
        "is_verified": false,
        "line_number": 485
      },
      {
        "type": "Hex High Entropy String",
        "filename": ".secrets.baseline",
        "hashed_secret": "c6a2d185b9395aee9b75437b725de15a91d5eb83",
        "is_verified": false,
        "line_number": 499
      },
      {
        "type": "Secret Keyword",
        "filename": ".secrets.baseline",
        "hashed_secret": "c6a2d185b9395aee9b75437b725de15a91d5eb83",
        "is_verified": false,
        "line_number": 499
      },
      {
        "type": "Hex High Entropy String",
        "filename": ".secrets.baseline",
        "hashed_secret": "40efe1b6e5699d383afbab2587c0c382617839c7",
        "is_verified": false,
        "line_number": 513
      },
      {
        "type": "Secret Keyword",
        "filename": ".secrets.baseline",
        "hashed_secret": "40efe1b6e5699d383afbab2587c0c382617839c7",
        "is_verified": false,
        "line_number": 513
      },
      {
        "type": "Hex High Entropy String",
        "filename": ".secrets.baseline",
        "hashed_secret": "e06e181d25c53ee421234bb1e443b167ee8c5004",
        "is_verified": false,
        "line_number": 527
      },
      {
        "type": "Secret Keyword",
        "filename": ".secrets.baseline",
        "hashed_secret": "e06e181d25c53ee421234bb1e443b167ee8c5004",
        "is_verified": false,
        "line_number": 527
      },
      {
        "type": "Hex High Entropy String",
        "filename": ".secrets.baseline",
        "hashed_secret": "11665161da982f252e716f1141f1b30a4ce93b3f",
        "is_verified": false,
        "line_number": 541
      },
      {
        "type": "Secret Keyword",
        "filename": ".secrets.baseline",
        "hashed_secret": "11665161da982f252e716f1141f1b30a4ce93b3f",
        "is_verified": false,
        "line_number": 541
      },
      {
        "type": "Hex High Entropy String",
        "filename": ".secrets.baseline",
        "hashed_secret": "e8fd8b421367d7cb2ecc99ca1e8bfb49df5ce45d",
        "is_verified": false,
        "line_number": 555
      },
      {
        "type": "Secret Keyword",
        "filename": ".secrets.baseline",
        "hashed_secret": "e8fd8b421367d7cb2ecc99ca1e8bfb49df5ce45d",
        "is_verified": false,
        "line_number": 555
      },
      {
        "type": "Hex High Entropy String",
        "filename": ".secrets.baseline",
        "hashed_secret": "214702ee55a62fcb2f3959d46b1bb06b2dba193a",
        "is_verified": false,
        "line_number": 569
      },
      {
        "type": "Secret Keyword",
        "filename": ".secrets.baseline",
        "hashed_secret": "214702ee55a62fcb2f3959d46b1bb06b2dba193a",
        "is_verified": false,
        "line_number": 569
      },
      {
        "type": "Hex High Entropy String",
        "filename": ".secrets.baseline",
        "hashed_secret": "e1c863d195f1927b6dfaa5a2d81503081eefb754",
        "is_verified": false,
        "line_number": 583
      },
      {
        "type": "Secret Keyword",
        "filename": ".secrets.baseline",
        "hashed_secret": "e1c863d195f1927b6dfaa5a2d81503081eefb754",
        "is_verified": false,
        "line_number": 583
      },
      {
        "type": "Hex High Entropy String",
        "filename": ".secrets.baseline",
        "hashed_secret": "6763a4f7800dd5c3700700b39ff290304cd55e30",
        "is_verified": false,
        "line_number": 599
      },
      {
        "type": "Secret Keyword",
        "filename": ".secrets.baseline",
        "hashed_secret": "6763a4f7800dd5c3700700b39ff290304cd55e30",
        "is_verified": false,
        "line_number": 599
      },
      {
        "type": "Hex High Entropy String",
        "filename": ".secrets.baseline",
        "hashed_secret": "7c6ce7540c6af3f77da5d92c1587d5fb524a1de2",
        "is_verified": false,
        "line_number": 608
      },
      {
        "type": "Secret Keyword",
        "filename": ".secrets.baseline",
        "hashed_secret": "7c6ce7540c6af3f77da5d92c1587d5fb524a1de2",
        "is_verified": false,
        "line_number": 608
      },
      {
        "type": "Hex High Entropy String",
        "filename": ".secrets.baseline",
        "hashed_secret": "07b525d3e0c1b54a3517fbee9f279d2cedb052f8",
        "is_verified": false,
        "line_number": 626
      },
      {
        "type": "Secret Keyword",
        "filename": ".secrets.baseline",
        "hashed_secret": "07b525d3e0c1b54a3517fbee9f279d2cedb052f8",
        "is_verified": false,
        "line_number": 626
      },
      {
        "type": "Hex High Entropy String",
        "filename": ".secrets.baseline",
        "hashed_secret": "72909df2c31f288964dd7004374ce379e3e42b60",
        "is_verified": false,
        "line_number": 633
      },
      {
        "type": "Secret Keyword",
        "filename": ".secrets.baseline",
        "hashed_secret": "72909df2c31f288964dd7004374ce379e3e42b60",
        "is_verified": false,
        "line_number": 633
      },
      {
        "type": "Hex High Entropy String",
        "filename": ".secrets.baseline",
        "hashed_secret": "13d9afe6368ec3c4e5acf0692a96b6a84395440c",
        "is_verified": false,
        "line_number": 640
      },
      {
        "type": "Secret Keyword",
        "filename": ".secrets.baseline",
        "hashed_secret": "13d9afe6368ec3c4e5acf0692a96b6a84395440c",
        "is_verified": false,
        "line_number": 640
      },
      {
        "type": "Hex High Entropy String",
        "filename": ".secrets.baseline",
        "hashed_secret": "49748a6eab5835e060f32657534929333305b8a9",
        "is_verified": false,
        "line_number": 647
      },
      {
        "type": "Secret Keyword",
        "filename": ".secrets.baseline",
        "hashed_secret": "49748a6eab5835e060f32657534929333305b8a9",
        "is_verified": false,
        "line_number": 647
      },
      {
        "type": "Hex High Entropy String",
        "filename": ".secrets.baseline",
        "hashed_secret": "7542c170b2cf57068fa62d7d12a6395a98cba13b",
        "is_verified": false,
        "line_number": 656
      },
      {
        "type": "Secret Keyword",
        "filename": ".secrets.baseline",
        "hashed_secret": "7542c170b2cf57068fa62d7d12a6395a98cba13b",
        "is_verified": false,
        "line_number": 656
      },
      {
        "type": "Hex High Entropy String",
        "filename": ".secrets.baseline",
        "hashed_secret": "a7d2b846342f8186a5f7b4596c9542b85fe5a6b6",
        "is_verified": false,
        "line_number": 665
      },
      {
        "type": "Secret Keyword",
        "filename": ".secrets.baseline",
        "hashed_secret": "a7d2b846342f8186a5f7b4596c9542b85fe5a6b6",
        "is_verified": false,
        "line_number": 665
      },
      {
        "type": "Hex High Entropy String",
        "filename": ".secrets.baseline",
        "hashed_secret": "ce82607f2445570de44ccc8e2ac3718ef8868f12",
        "is_verified": false,
        "line_number": 674
      },
      {
        "type": "Secret Keyword",
        "filename": ".secrets.baseline",
        "hashed_secret": "ce82607f2445570de44ccc8e2ac3718ef8868f12",
        "is_verified": false,
        "line_number": 674
      },
      {
        "type": "Hex High Entropy String",
        "filename": ".secrets.baseline",
        "hashed_secret": "670b7181cec8ac2b3e6c3f414e585b05f6027559",
        "is_verified": false,
        "line_number": 701
      },
      {
        "type": "Secret Keyword",
        "filename": ".secrets.baseline",
        "hashed_secret": "670b7181cec8ac2b3e6c3f414e585b05f6027559",
        "is_verified": false,
        "line_number": 701
      },
      {
        "type": "Hex High Entropy String",
        "filename": ".secrets.baseline",
        "hashed_secret": "1646aed75eda75952309595e2944ff65ae604ce5",
        "is_verified": false,
        "line_number": 708
      },
      {
        "type": "Secret Keyword",
        "filename": ".secrets.baseline",
        "hashed_secret": "1646aed75eda75952309595e2944ff65ae604ce5",
        "is_verified": false,
        "line_number": 708
      },
      {
        "type": "Hex High Entropy String",
        "filename": ".secrets.baseline",
        "hashed_secret": "bdc62235ab58a9cae1e3b57213d4aa5be51fd254",
        "is_verified": false,
        "line_number": 715
      },
      {
        "type": "Secret Keyword",
        "filename": ".secrets.baseline",
        "hashed_secret": "bdc62235ab58a9cae1e3b57213d4aa5be51fd254",
        "is_verified": false,
        "line_number": 715
      },
      {
        "type": "Hex High Entropy String",
        "filename": ".secrets.baseline",
        "hashed_secret": "05216ec725e400f27826f953f5056f6630404377",
        "is_verified": false,
        "line_number": 722
      },
      {
        "type": "Secret Keyword",
        "filename": ".secrets.baseline",
        "hashed_secret": "05216ec725e400f27826f953f5056f6630404377",
        "is_verified": false,
        "line_number": 722
      },
      {
        "type": "Hex High Entropy String",
        "filename": ".secrets.baseline",
        "hashed_secret": "75eda23168aad3c30570403a2bc3bc1e6b8ce746",
        "is_verified": false,
        "line_number": 729
      },
      {
        "type": "Secret Keyword",
        "filename": ".secrets.baseline",
        "hashed_secret": "75eda23168aad3c30570403a2bc3bc1e6b8ce746",
        "is_verified": false,
        "line_number": 729
      },
      {
        "type": "Hex High Entropy String",
        "filename": ".secrets.baseline",
        "hashed_secret": "071f22b5b9fab6ebb21019c2fdb30626f845d8b6",
        "is_verified": false,
        "line_number": 736
      },
      {
        "type": "Secret Keyword",
        "filename": ".secrets.baseline",
        "hashed_secret": "071f22b5b9fab6ebb21019c2fdb30626f845d8b6",
        "is_verified": false,
        "line_number": 736
      },
      {
        "type": "Hex High Entropy String",
        "filename": ".secrets.baseline",
        "hashed_secret": "10b0713e5ce6ca4243f766e1819a57504293d8f4",
        "is_verified": false,
        "line_number": 768
      },
      {
        "type": "Secret Keyword",
        "filename": ".secrets.baseline",
        "hashed_secret": "10b0713e5ce6ca4243f766e1819a57504293d8f4",
        "is_verified": false,
        "line_number": 768
      },
      {
        "type": "Hex High Entropy String",
        "filename": ".secrets.baseline",
        "hashed_secret": "551df14561136123886848af63d70979f1cb26f9",
        "is_verified": false,
        "line_number": 775
      },
      {
        "type": "Secret Keyword",
        "filename": ".secrets.baseline",
        "hashed_secret": "551df14561136123886848af63d70979f1cb26f9",
        "is_verified": false,
        "line_number": 775
      }
    ],
    "README.md": [
      {
        "type": "Secret Keyword",
        "filename": "README.md",
        "hashed_secret": "b53496a0947bdc567c6408a9916dcc624af1748f",
        "is_verified": false,
        "line_number": 170
      }
    ],
    "alembic/versions/19e2bb154733_initial_schema.py": [
      {
        "type": "Hex High Entropy String",
        "filename": "alembic/versions/19e2bb154733_initial_schema.py",
        "hashed_secret": "4793afc35f75cb2a9a4f8ca9196dd729f18ff884",
        "is_verified": false,
        "line_number": 18
      }
    ],
    "app/core/config.py": [
      {
        "type": "Basic Auth Credentials",
        "filename": "app/core/config.py",
        "hashed_secret": "afc848c316af1a89d49826c5ae9d00ed769415f3",
        "is_verified": false,
        "line_number": 142
      }
    ],
    "app/core/constants.py": [
      {
        "type": "Secret Keyword",
        "filename": "app/core/constants.py",
        "hashed_secret": "08ae4c719b89460ac01158ec4157b588ff8ac111",
        "is_verified": false,
        "line_number": 72
      },
      {
        "type": "Secret Keyword",
        "filename": "app/core/constants.py",
        "hashed_secret": "630254b80e05ea9a12bb7f4f5599c840eb6eefd1",
        "is_verified": false,
        "line_number": 440
      },
      {
        "type": "Secret Keyword",
        "filename": "app/core/constants.py",
        "hashed_secret": "e4518b9940baabb8aa6b6d70937b652ec36cff1e",
        "is_verified": false,
        "line_number": 442
      },
      {
        "type": "Secret Keyword",
        "filename": "app/core/constants.py",
        "hashed_secret": "301e799255db683ad81f4522798176fb62d0a6c4",
        "is_verified": false,
        "line_number": 444
      }
    ],
    "app/core/exceptions.py": [
      {
        "type": "Secret Keyword",
        "filename": "app/core/exceptions.py",
        "hashed_secret": "b61db1cf8eb899e0ccd4ec4c88668b01a9fe2574",
        "is_verified": false,
        "line_number": 36
      }
    ],
    "app/core/security.py": [
      {
        "type": "Hex High Entropy String",
        "filename": "app/core/security.py",
        "hashed_secret": "370194ff6e0f93a7432e16cc9badd9427e8b4e13",
        "is_verified": false,
        "line_number": 321
      }
    ],
    "app/services/delivery_service.py": [
      {
        "type": "Secret Keyword",
        "filename": "app/services/delivery_service.py",
        "hashed_secret": "a613756e030149431b0337e8b3a6c62440eb5ddc",
        "is_verified": false,
        "line_number": 34
      }
    ],
    "docker-compose.yml": [
      {
        "type": "Secret Keyword",
        "filename": "docker-compose.yml",
        "hashed_secret": "b53496a0947bdc567c6408a9916dcc624af1748f",
        "is_verified": false,
        "line_number": 18
      }
    ],
    "pyproject.toml": [
      {
        "type": "Secret Keyword",
        "filename": "pyproject.toml",
        "hashed_secret": "630254b80e05ea9a12bb7f4f5599c840eb6eefd1",
        "is_verified": false,
        "line_number": 89
      }
    ],
    "tests/api/test_auth_flow.py": [
      {
        "type": "Secret Keyword",
        "filename": "tests/api/test_auth_flow.py",
        "hashed_secret": "f057cdf59eff4bbb957a8b40fd15fdbf2b73aedd",
        "is_verified": false,
        "line_number": 16
      },
      {
        "type": "Secret Keyword",
        "filename": "tests/api/test_auth_flow.py",
        "hashed_secret": "30973451b1eb8fbf3ca6c07c463bc5034ac3e80f",
        "is_verified": false,
        "line_number": 17
      },
      {
        "type": "JSON Web Token",
        "filename": "tests/api/test_auth_flow.py",
        "hashed_secret": "46c22790821633afc004f94ca23673babc0d0700",
        "is_verified": false,
        "line_number": 305
      },
      {
        "type": "Secret Keyword",
        "filename": "tests/api/test_auth_flow.py",
        "hashed_secret": "ad99939745540780664e570ccdfcd48b3bdee877",
        "is_verified": false,
        "line_number": 585
      },
      {
        "type": "Secret Keyword",
        "filename": "tests/api/test_auth_flow.py",
        "hashed_secret": "1ded3053d0363079a4e681a3b700435d6d880290",
        "is_verified": false,
        "line_number": 604
      },
      {
        "type": "Secret Keyword",
        "filename": "tests/api/test_auth_flow.py",
        "hashed_secret": "98a5b93a75b8df477456fda0ee32dc63bf6a3920",
        "is_verified": false,
        "line_number": 707
      }
    ],
    "tests/conftest.py": [
      {
        "type": "Basic Auth Credentials",
        "filename": "tests/conftest.py",
        "hashed_secret": "afc848c316af1a89d49826c5ae9d00ed769415f3",
        "is_verified": false,
        "line_number": 39
      },
      {
        "type": "Secret Keyword",
        "filename": "tests/conftest.py",
        "hashed_secret": "f057cdf59eff4bbb957a8b40fd15fdbf2b73aedd",
        "is_verified": false,
        "line_number": 237
      }
    ],
    "tests/security/test_authorization_and_security.py": [
      {
        "type": "Secret Keyword",
        "filename": "tests/security/test_authorization_and_security.py",
        "hashed_secret": "f057cdf59eff4bbb957a8b40fd15fdbf2b73aedd",
        "is_verified": false,
        "line_number": 19
      },
      {
        "type": "Secret Keyword",
        "filename": "tests/security/test_authorization_and_security.py",
        "hashed_secret": "4e0e4942ab69e295155530a2ffefa8fa48f2c071",
        "is_verified": false,
        "line_number": 559
      },
      {
        "type": "Basic Auth Credentials",
        "filename": "tests/security/test_authorization_and_security.py",
        "hashed_secret": "d48fc379560ebd350e65e1731e06c27aca7fbe5e",
        "is_verified": false,
        "line_number": 598
      }
    ],
    "tests/unit/test_request_context.py": [
      {
        "type": "Secret Keyword",
        "filename": "tests/unit/test_request_context.py",
        "hashed_secret": "9f263852ee0525683c1011b6b8761cf35173f8a3",
        "is_verified": false,
        "line_number": 65
      }
    ],
    "tests/unit/test_security.py": [
      {
        "type": "Secret Keyword",
        "filename": "tests/unit/test_security.py",
        "hashed_secret": "f057cdf59eff4bbb957a8b40fd15fdbf2b73aedd",
        "is_verified": false,
        "line_number": 52
      }
    ]
  },
  "generated_at": "2026-10-02T19:25:22Z"
}
